executing [../pool//h2.geo] ... 
***
executing [../pool//global.inp] ... 
***
executing [../pool//sto_cvb1.bfinfo] ... 
***
executing [jastrow.0] ... 
***
executing [rhf.sto_cvb1.lcao] ... 
***
executing [rhf.det] ... 
***
***
========================================
INPUT: block exponents missing: all exponents set to 1
INPUT: block csf missing: nstates set to 1
 norb  =          12
 iactv =           2           2
 ivirt =           2           2
           1           1  distinct out of            1
           2           1  distinct out of            1
========================================
 weights:                        weights: 
Variational MC one-electron move mpi                    H2                  

random number seeds          1837465927472523
all energies are in          Hartrees  
hbar**2/(2.*m) =                0.50000

number of geometries =                1

number of wave functions=             1
number of electrons =                 2
number of up,dn electrons =      1    1
version of Metropolis =               6
radial step multiplier =        5.00000
cos(theta) step size =          1.00000
force bias =                    1.00000
no. of steps/block =                 50
no. of blocks after eq.=            200
no. of blocks before eq. =            1
no. configurations saved =            0

Only sample derivatives of wave function for external use
Computing/writing quantities for optimization with method sr_n      
Jastrow derivatives are sampled
Number of Jastrow derivatives    9
CI number of coefficients             0

all-electron calculation 

nctype,ncent =                   1    2
iwctype =                      1  1

center positions
center   1 (  0.00000  0.00000 -1.38000)
center   2 (  0.00000  0.00000  1.38000)



Orbitals on localized basis
total no. of basis =                 12
numerical basis used

center type   1

1s           -3
2s            0
2px          -1
2py          -1
2pz          -1
3s            0
3px           0
3py           0
3pz           0
3dzr          0
3dx2          0
3dxy          0
3dxz          0
3dyz          0
4s            0
4px           0
4py           0
4pz           0
4fxxx         0
4fyyy         0
4fzzz         0
4fxxy         0
4fxxz         0
4fyyx         0
4fyyz         0
4fzzx         0
4fzzy         0
4fxyz         0
sa            0
pxa           0
pya           0
pza           0
dzra          0
dx2a          0
dxya          0
dxza          0
dyza          0

charge        1.


no. of orbitals =                    12
                       1          2          3          4          5
    1  1  1   1s   0.015710   0.337495  -0.454328   0.000000   0.000000
    2  1  1   1s   0.441002 -12.974656   9.105179   0.000000   0.000000
    3  1  1   1s   0.078690  14.746578  -8.707358   0.000000   0.000000
    4  1  1  2px  -0.000000  -0.000000   0.000000   0.546004   0.000000
    5  1  1  2py  -0.000000  -0.000000   0.000000   0.000000   0.546004
    6  1  1  2pz   0.036506   0.081330   0.015706   0.000000   0.000000
    7  1  2   1s   0.015710  -0.337495  -0.454328   0.000000   0.000000
    8  1  2   1s   0.441002  12.974656   9.105179   0.000000   0.000000
    9  1  2   1s   0.078690 -14.746578  -8.707358   0.000000   0.000000
   10  1  2  2px  -0.000000  -0.000000   0.000000   0.546004   0.000000
   11  1  2  2py  -0.000000  -0.000000   0.000000   0.000000   0.546004
   12  1  2  2pz  -0.036506   0.081330  -0.015706   0.000000   0.000000

                       6          7          8          9         10
    1  1  1   1s   0.780572  -0.397136  -0.000000   0.000000  -0.352517
    2  1  1   1s -22.487379   5.171758  -0.000000   0.000000 -10.222321
    3  1  1   1s  23.315620  -4.509445  -0.000000   0.000000  17.116138
    4  1  1  2px   0.000000   0.000000  -0.000000   1.244521   0.000000
    5  1  1  2py   0.000000   0.000000   1.244521   0.000000   0.000000
    6  1  1  2pz   0.503469  -0.953995  -0.000000   0.000000   2.801634
    7  1  2   1s  -0.780572  -0.397136  -0.000000   0.000000   0.352517
    8  1  2   1s  22.487379   5.171758  -0.000000   0.000000  10.222321
    9  1  2   1s -23.315620  -4.509445  -0.000000   0.000000 -17.116138
   10  1  2  2px   0.000000   0.000000  -0.000000  -1.244521   0.000000
   11  1  2  2py   0.000000   0.000000  -1.244521   0.000000   0.000000
   12  1  2  2pz   0.503469   0.953995  -0.000000   0.000000   2.801634

                      11         12
    1  1  1   1s  -2.005005  -3.797670
    2  1  1   1s   9.570240  18.947108
    3  1  1   1s  -8.075130 -10.884573
    4  1  1  2px  -0.000000  -0.000000
    5  1  1  2py  -0.000000  -0.000000
    6  1  1  2pz   0.099336   2.282666
    7  1  2   1s  -2.005005   3.797670
    8  1  2   1s   9.570240 -18.947108
    9  1  2   1s  -8.075130  10.884573
   10  1  2  2px  -0.000000  -0.000000
   11  1  2  2py  -0.000000  -0.000000
   12  1  2  2pz  -0.099336   2.282666


no. of determinants =                 1

determinant coefficients
  1.000000

orbitals in determinants
  1     1
ianalyt_lap=  1
ijas,isc,nspin1,nspin2=   4   2   1   1
new transferable standard form 4
dist scaled r=(1-exp(-scalek*r))/scalek
norda,nordb,nordc=    5    5    0
scalek,a21=   0.60000   0.00000
mparmja,mparmjb,mparmjc=    6    6    0
a=   0.000000  0.000000  0.000000  0.000000  0.000000  0.000000
b=   0.500000  0.500000  0.000000  0.000000  0.000000  0.000000
c=


number of electrons placed =    2

initial configuration from sites
    enow      eave  (eerr )    peave (peerr)    tpbave(tpberr    tjfave(tjferr    fave          (ferr)     accept     iter
  -1.11127  -1.11127(    0)   0.00000(    0)  -1.11127(    0)   0.00000(    0)                            0.19000        50
END       OF equilb CP, REAL TIME IS       0.00      0.00     0     0
    enow      eave  (eerr )    peave (peerr)    tpbave(tpberr    tjfave(tjferr    fave          (ferr)     accept     iter
  -0.93184  -0.93184(    0)   0.00000(    0)  -0.93184(    0)   0.00000(    0)                            0.75000        50
  -0.97181  -0.95183( 1413)   0.00000(    0)  -0.95183( 1413)   0.00000(    0)                            0.72000       100
  -1.04384  -0.98250( 2676)   0.00000(    0)  -0.98250( 2676)   0.00000(    0)                            0.72333       150
  -0.67889  -0.90660( 6873)   0.00000(    0)  -0.90660( 6873)   0.00000(    0)                            0.72250       200
  -0.93705  -0.91269( 5525)   0.00000(    0)  -0.91269( 5525)   0.00000(    0)                            0.74000       250
  -1.13493  -0.94973( 5713)   0.00000(    0)  -0.94973( 5713)   0.00000(    0)                            0.72333       300
  -1.00876  -0.95816( 4958)   0.00000(    0)  -0.95816( 4958)   0.00000(    0)                            0.72429       350
  -1.03334  -0.96756( 4427)   0.00000(    0)  -0.96756( 4427)   0.00000(    0)                            0.72500       400
  -1.06000  -0.97783( 4052)   0.00000(    0)  -0.97783( 4052)   0.00000(    0)                            0.72667       450
  -1.04318  -0.98436( 3699)   0.00000(    0)  -0.98436( 3699)   0.00000(    0)                            0.72800       500
  -1.06452  -0.99165( 3434)   0.00000(    0)  -0.99165( 3434)   0.00000(    0)                            0.73364       550
  -0.94010  -0.98736( 3175)   0.00000(    0)  -0.98736( 3175)   0.00000(    0)                            0.72917       600
  -0.96153  -0.98537( 2937)   0.00000(    0)  -0.98537( 2937)   0.00000(    0)                            0.73692       650
  -0.98867  -0.98560( 2727)   0.00000(    0)  -0.98560( 2727)   0.00000(    0)                            0.73857       700
  -1.03563  -0.98894( 2566)   0.00000(    0)  -0.98894( 2566)   0.00000(    0)                            0.74800       750
  -1.04932  -0.99271( 2433)   0.00000(    0)  -0.99271( 2433)   0.00000(    0)                            0.75000       800
  -0.77197  -0.97973( 2613)   0.00000(    0)  -0.97973( 2613)   0.00000(    0)                            0.74941       850
  -1.03576  -0.98284( 2487)   0.00000(    0)  -0.98284( 2487)   0.00000(    0)                            0.75111       900
  -0.95321  -0.98128( 2361)   0.00000(    0)  -0.98128( 2361)   0.00000(    0)                            0.74947       950
  -1.02837  -0.98364( 2254)   0.00000(    0)  -0.98364( 2254)   0.00000(    0)                            0.75200      1000
  -1.02566  -0.98564( 2156)   0.00000(    0)  -0.98564( 2156)   0.00000(    0)                            0.75429      1050
  -1.19355  -0.99509( 2255)   0.00000(    0)  -0.99509( 2255)   0.00000(    0)                            0.75500      1100
  -1.00711  -0.99561( 2158)   0.00000(    0)  -0.99561( 2158)   0.00000(    0)                            0.75478      1150
  -1.11183  -1.00045( 2122)   0.00000(    0)  -1.00045( 2122)   0.00000(    0)                            0.75625      1200
  -1.00400  -1.00059( 2037)   0.00000(    0)  -1.00059( 2037)   0.00000(    0)                            0.75480      1250
  -1.16964  -1.00710( 2060)   0.00000(    0)  -1.00710( 2060)   0.00000(    0)                            0.75769      1300
  -1.01119  -1.00725( 1983)   0.00000(    0)  -1.00725( 1983)   0.00000(    0)                            0.76000      1350
  -1.03486  -1.00823( 1915)   0.00000(    0)  -1.00823( 1915)   0.00000(    0)                            0.76143      1400
  -0.60929  -0.99448( 2290)   0.00000(    0)  -0.99448( 2290)   0.00000(    0)                            0.76448      1450
  -0.97537  -0.99384( 2215)   0.00000(    0)  -0.99384( 2215)   0.00000(    0)                            0.76667      1500
  -0.96466  -0.99290( 2146)   0.00000(    0)  -0.99290( 2146)   0.00000(    0)                            0.76484      1550
  -1.05882  -0.99496( 2088)   0.00000(    0)  -0.99496( 2088)   0.00000(    0)                            0.76906      1600
  -0.83212  -0.99002( 2083)   0.00000(    0)  -0.99002( 2083)   0.00000(    0)                            0.76848      1650
  -0.92954  -0.98824( 2029)   0.00000(    0)  -0.98824( 2029)   0.00000(    0)                            0.76676      1700
  -0.84833  -0.98425( 2010)   0.00000(    0)  -0.98425( 2010)   0.00000(    0)                            0.76657      1750
  -1.09455  -0.98731( 1977)   0.00000(    0)  -0.98731( 1977)   0.00000(    0)                            0.76667      1800
  -1.18719  -0.99271( 1996)   0.00000(    0)  -0.99271( 1996)   0.00000(    0)                            0.76622      1850
  -1.12683  -0.99624( 1975)   0.00000(    0)  -0.99624( 1975)   0.00000(    0)                            0.76605      1900
  -0.93499  -0.99467( 1930)   0.00000(    0)  -0.99467( 1930)   0.00000(    0)                            0.76667      1950
  -1.01220  -0.99511( 1883)   0.00000(    0)  -0.99511( 1883)   0.00000(    0)                            0.76600      2000
  -0.91829  -0.99324( 1846)   0.00000(    0)  -0.99324( 1846)   0.00000(    0)                            0.76585      2050
  -0.99395  -0.99325( 1802)   0.00000(    0)  -0.99325( 1802)   0.00000(    0)                            0.76619      2100
  -1.08273  -0.99533( 1772)   0.00000(    0)  -0.99533( 1772)   0.00000(    0)                            0.76512      2150
  -0.95088  -0.99432( 1735)   0.00000(    0)  -0.99432( 1735)   0.00000(    0)                            0.76432      2200
  -0.96453  -0.99366( 1697)   0.00000(    0)  -0.99366( 1697)   0.00000(    0)                            0.76489      2250
  -0.95767  -0.99288( 1662)   0.00000(    0)  -0.99288( 1662)   0.00000(    0)                            0.76348      2300
  -1.11969  -0.99558( 1649)   0.00000(    0)  -0.99558( 1649)   0.00000(    0)                            0.76468      2350
  -1.04381  -0.99658( 1617)   0.00000(    0)  -0.99658( 1617)   0.00000(    0)                            0.76708      2400
  -0.94881  -0.99561( 1587)   0.00000(    0)  -0.99561( 1587)   0.00000(    0)                            0.76694      2450
  -1.11064  -0.99791( 1572)   0.00000(    0)  -0.99791( 1572)   0.00000(    0)                            0.76820      2500
  -1.13058  -1.00051( 1563)   0.00000(    0)  -1.00051( 1563)   0.00000(    0)                            0.76843      2550
  -0.94668  -0.99947( 1536)   0.00000(    0)  -0.99947( 1536)   0.00000(    0)                            0.76769      2600
  -1.06075  -1.00063( 1511)   0.00000(    0)  -1.00063( 1511)   0.00000(    0)                            0.76849      2650
  -1.01219  -1.00084( 1484)   0.00000(    0)  -1.00084( 1484)   0.00000(    0)                            0.76889      2700
  -1.05376  -1.00181( 1460)   0.00000(    0)  -1.00181( 1460)   0.00000(    0)                            0.76891      2750
  -0.94373  -1.00077( 1437)   0.00000(    0)  -1.00077( 1437)   0.00000(    0)                            0.77018      2800
  -1.04426  -1.00153( 1414)   0.00000(    0)  -1.00153( 1414)   0.00000(    0)                            0.77018      2850
  -1.10000  -1.00323( 1400)   0.00000(    0)  -1.00323( 1400)   0.00000(    0)                            0.77052      2900
  -0.93937  -1.00215( 1380)   0.00000(    0)  -1.00215( 1380)   0.00000(    0)                            0.77034      2950
  -0.98118  -1.00180( 1358)   0.00000(    0)  -1.00180( 1358)   0.00000(    0)                            0.76917      3000
  -0.98375  -1.00150( 1336)   0.00000(    0)  -1.00150( 1336)   0.00000(    0)                            0.76869      3050
  -0.99568  -1.00141( 1314)   0.00000(    0)  -1.00141( 1314)   0.00000(    0)                            0.76871      3100
  -0.99592  -1.00132( 1294)   0.00000(    0)  -1.00132( 1294)   0.00000(    0)                            0.76921      3150
  -1.13086  -1.00335( 1289)   0.00000(    0)  -1.00335( 1289)   0.00000(    0)                            0.76938      3200
  -0.78602  -1.00000( 1312)   0.00000(    0)  -1.00000( 1312)   0.00000(    0)                            0.76954      3250
  -1.10664  -1.00162( 1302)   0.00000(    0)  -1.00162( 1302)   0.00000(    0)                            0.77045      3300
  -1.11642  -1.00333( 1294)   0.00000(    0)  -1.00333( 1294)   0.00000(    0)                            0.77060      3350
  -1.00615  -1.00337( 1275)   0.00000(    0)  -1.00337( 1275)   0.00000(    0)                            0.77029      3400
  -1.04947  -1.00404( 1258)   0.00000(    0)  -1.00404( 1258)   0.00000(    0)                            0.77072      3450
  -1.13991  -1.00598( 1255)   0.00000(    0)  -1.00598( 1255)   0.00000(    0)                            0.77071      3500
  -1.08417  -1.00708( 1242)   0.00000(    0)  -1.00708( 1242)   0.00000(    0)                            0.77155      3550
  -1.06505  -1.00789( 1227)   0.00000(    0)  -1.00789( 1227)   0.00000(    0)                            0.77153      3600
  -1.07785  -1.00885( 1214)   0.00000(    0)  -1.00885( 1214)   0.00000(    0)                            0.77068      3650
  -0.94424  -1.00797( 1201)   0.00000(    0)  -1.00797( 1201)   0.00000(    0)                            0.77054      3700
  -1.01624  -1.00808( 1185)   0.00000(    0)  -1.00808( 1185)   0.00000(    0)                            0.77000      3750
  -0.73978  -1.00455( 1221)   0.00000(    0)  -1.00455( 1221)   0.00000(    0)                            0.77039      3800
  -1.08568  -1.00561( 1210)   0.00000(    0)  -1.00561( 1210)   0.00000(    0)                            0.76974      3850
  -1.12387  -1.00712( 1204)   0.00000(    0)  -1.00712( 1204)   0.00000(    0)                            0.76846      3900
  -0.85255  -1.00517( 1204)   0.00000(    0)  -1.00517( 1204)   0.00000(    0)                            0.76823      3950
  -1.10022  -1.00635( 1195)   0.00000(    0)  -1.00635( 1195)   0.00000(    0)                            0.76875      4000
  -1.14099  -1.00802( 1192)   0.00000(    0)  -1.00802( 1192)   0.00000(    0)                            0.76840      4050
  -1.10469  -1.00920( 1183)   0.00000(    0)  -1.00920( 1183)   0.00000(    0)                            0.76878      4100
  -1.02026  -1.00933( 1169)   0.00000(    0)  -1.00933( 1169)   0.00000(    0)                            0.76783      4150
  -1.11114  -1.01054( 1161)   0.00000(    0)  -1.01054( 1161)   0.00000(    0)                            0.76714      4200
  -1.11259  -1.01174( 1154)   0.00000(    0)  -1.01174( 1154)   0.00000(    0)                            0.76776      4250
  -1.10579  -1.01284( 1145)   0.00000(    0)  -1.01284( 1145)   0.00000(    0)                            0.76767      4300
  -1.07751  -1.01358( 1135)   0.00000(    0)  -1.01358( 1135)   0.00000(    0)                            0.76793      4350
  -0.95420  -1.01290( 1124)   0.00000(    0)  -1.01290( 1124)   0.00000(    0)                            0.76670      4400
  -1.07285  -1.01358( 1113)   0.00000(    0)  -1.01358( 1113)   0.00000(    0)                            0.76753      4450
  -1.00425  -1.01347( 1101)   0.00000(    0)  -1.01347( 1101)   0.00000(    0)                            0.76822      4500
  -0.97283  -1.01303( 1090)   0.00000(    0)  -1.01303( 1090)   0.00000(    0)                            0.76846      4550
  -1.07861  -1.01374( 1080)   0.00000(    0)  -1.01374( 1080)   0.00000(    0)                            0.76848      4600
  -0.99819  -1.01357( 1069)   0.00000(    0)  -1.01357( 1069)   0.00000(    0)                            0.76903      4650
  -1.08680  -1.01435( 1060)   0.00000(    0)  -1.01435( 1060)   0.00000(    0)                            0.76894      4700
  -0.80978  -1.01220( 1071)   0.00000(    0)  -1.01220( 1071)   0.00000(    0)                            0.76905      4750
  -1.11803  -1.01330( 1065)   0.00000(    0)  -1.01330( 1065)   0.00000(    0)                            0.76885      4800
  -1.12611  -1.01446( 1060)   0.00000(    0)  -1.01446( 1060)   0.00000(    0)                            0.76918      4850
  -1.15651  -1.01591( 1060)   0.00000(    0)  -1.01591( 1060)   0.00000(    0)                            0.76959      4900
  -1.07281  -1.01649( 1050)   0.00000(    0)  -1.01649( 1050)   0.00000(    0)                            0.77010      4950
  -1.05864  -1.01691( 1041)   0.00000(    0)  -1.01691( 1041)   0.00000(    0)                            0.76910      5000
  -1.05227  -1.01726( 1031)   0.00000(    0)  -1.01726( 1031)   0.00000(    0)                            0.76842      5050
  -1.13825  -1.01845( 1028)   0.00000(    0)  -1.01845( 1028)   0.00000(    0)                            0.76882      5100
  -0.89143  -1.01721( 1025)   0.00000(    0)  -1.01721( 1025)   0.00000(    0)                            0.76835      5150
  -0.97759  -1.01683( 1016)   0.00000(    0)  -1.01683( 1016)   0.00000(    0)                            0.76837      5200
  -0.97714  -1.01645( 1007)   0.00000(    0)  -1.01645( 1007)   0.00000(    0)                            0.76838      5250
  -0.98194  -1.01613(  998)   0.00000(    0)  -1.01613(  998)   0.00000(    0)                            0.76736      5300
  -0.90405  -1.01508(  994)   0.00000(    0)  -1.01508(  994)   0.00000(    0)                            0.76766      5350
  -0.98801  -1.01483(  985)   0.00000(    0)  -1.01483(  985)   0.00000(    0)                            0.76833      5400
  -0.89959  -1.01377(  982)   0.00000(    0)  -1.01377(  982)   0.00000(    0)                            0.76853      5450
  -1.08739  -1.01444(  975)   0.00000(    0)  -1.01444(  975)   0.00000(    0)                            0.76855      5500
  -1.11454  -1.01534(  971)   0.00000(    0)  -1.01534(  971)   0.00000(    0)                            0.76865      5550
  -1.06869  -1.01582(  963)   0.00000(    0)  -1.01582(  963)   0.00000(    0)                            0.76714      5600
  -0.92673  -1.01503(  958)   0.00000(    0)  -1.01503(  958)   0.00000(    0)                            0.76726      5650
  -1.02522  -1.01512(  949)   0.00000(    0)  -1.01512(  949)   0.00000(    0)                            0.76737      5700
  -1.11976  -1.01603(  946)   0.00000(    0)  -1.01603(  946)   0.00000(    0)                            0.76687      5750
  -0.95745  -1.01553(  939)   0.00000(    0)  -1.01553(  939)   0.00000(    0)                            0.76733      5800
  -0.92231  -1.01473(  934)   0.00000(    0)  -1.01473(  934)   0.00000(    0)                            0.76735      5850
  -0.90086  -1.01376(  931)   0.00000(    0)  -1.01376(  931)   0.00000(    0)                            0.76686      5900
  -1.11929  -1.01465(  928)   0.00000(    0)  -1.01465(  928)   0.00000(    0)                            0.76731      5950
  -0.99054  -1.01445(  920)   0.00000(    0)  -1.01445(  920)   0.00000(    0)                            0.76700      6000
  -0.82985  -1.01292(  925)   0.00000(    0)  -1.01292(  925)   0.00000(    0)                            0.76645      6050
  -0.80476  -1.01122(  933)   0.00000(    0)  -1.01122(  933)   0.00000(    0)                            0.76598      6100
  -0.89315  -1.01026(  930)   0.00000(    0)  -1.01026(  930)   0.00000(    0)                            0.76577      6150
  -1.04526  -1.01054(  923)   0.00000(    0)  -1.01054(  923)   0.00000(    0)                            0.76524      6200
  -1.11866  -1.01141(  920)   0.00000(    0)  -1.01141(  920)   0.00000(    0)                            0.76512      6250
  -1.04471  -1.01167(  913)   0.00000(    0)  -1.01167(  913)   0.00000(    0)                            0.76524      6300
  -0.94358  -1.01113(  907)   0.00000(    0)  -1.01113(  907)   0.00000(    0)                            0.76528      6350
  -1.04080  -1.01137(  901)   0.00000(    0)  -1.01137(  901)   0.00000(    0)                            0.76555      6400
  -1.07508  -1.01186(  895)   0.00000(    0)  -1.01186(  895)   0.00000(    0)                            0.76589      6450
  -0.99892  -1.01176(  888)   0.00000(    0)  -1.01176(  888)   0.00000(    0)                            0.76615      6500
  -1.04506  -1.01201(  882)   0.00000(    0)  -1.01201(  882)   0.00000(    0)                            0.76588      6550
  -1.16590  -1.01318(  883)   0.00000(    0)  -1.01318(  883)   0.00000(    0)                            0.76553      6600
  -0.88660  -1.01223(  881)   0.00000(    0)  -1.01223(  881)   0.00000(    0)                            0.76624      6650
  -1.09570  -1.01285(  877)   0.00000(    0)  -1.01285(  877)   0.00000(    0)                            0.76679      6700
  -1.16606  -1.01399(  878)   0.00000(    0)  -1.01399(  878)   0.00000(    0)                            0.76681      6750
  -1.13657  -1.01489(  876)   0.00000(    0)  -1.01489(  876)   0.00000(    0)                            0.76640      6800
  -1.05336  -1.01517(  870)   0.00000(    0)  -1.01517(  870)   0.00000(    0)                            0.76584      6850
  -1.04402  -1.01538(  864)   0.00000(    0)  -1.01538(  864)   0.00000(    0)                            0.76616      6900
  -1.05645  -1.01567(  858)   0.00000(    0)  -1.01567(  858)   0.00000(    0)                            0.76626      6950
  -1.06228  -1.01601(  853)   0.00000(    0)  -1.01601(  853)   0.00000(    0)                            0.76671      7000
  -0.93707  -1.01545(  848)   0.00000(    0)  -1.01545(  848)   0.00000(    0)                            0.76688      7050
  -1.09632  -1.01601(  844)   0.00000(    0)  -1.01601(  844)   0.00000(    0)                            0.76634      7100
  -1.04642  -1.01623(  839)   0.00000(    0)  -1.01623(  839)   0.00000(    0)                            0.76636      7150
  -1.06412  -1.01656(  834)   0.00000(    0)  -1.01656(  834)   0.00000(    0)                            0.76660      7200
  -0.68611  -1.01428(  858)   0.00000(    0)  -1.01428(  858)   0.00000(    0)                            0.76717      7250
  -0.94926  -1.01384(  854)   0.00000(    0)  -1.01384(  854)   0.00000(    0)                            0.76726      7300
  -1.08034  -1.01429(  849)   0.00000(    0)  -1.01429(  849)   0.00000(    0)                            0.76762      7350
  -0.96988  -1.01399(  844)   0.00000(    0)  -1.01399(  844)   0.00000(    0)                            0.76696      7400
  -1.07926  -1.01443(  839)   0.00000(    0)  -1.01443(  839)   0.00000(    0)                            0.76691      7450
  -1.13477  -1.01523(  838)   0.00000(    0)  -1.01523(  838)   0.00000(    0)                            0.76693      7500
  -1.02137  -1.01527(  832)   0.00000(    0)  -1.01527(  832)   0.00000(    0)                            0.76695      7550
  -0.78830  -1.01378(  840)   0.00000(    0)  -1.01378(  840)   0.00000(    0)                            0.76717      7600
  -1.05598  -1.01405(  835)   0.00000(    0)  -1.01405(  835)   0.00000(    0)                            0.76699      7650
  -0.89411  -1.01327(  833)   0.00000(    0)  -1.01327(  833)   0.00000(    0)                            0.76734      7700
  -0.98618  -1.01310(  828)   0.00000(    0)  -1.01310(  828)   0.00000(    0)                            0.76781      7750
  -1.06926  -1.01346(  823)   0.00000(    0)  -1.01346(  823)   0.00000(    0)                            0.76737      7800
  -1.07123  -1.01383(  819)   0.00000(    0)  -1.01383(  819)   0.00000(    0)                            0.76764      7850
  -1.11986  -1.01450(  816)   0.00000(    0)  -1.01450(  816)   0.00000(    0)                            0.76753      7900
  -1.05925  -1.01478(  812)   0.00000(    0)  -1.01478(  812)   0.00000(    0)                            0.76780      7950
  -1.02110  -1.01482(  807)   0.00000(    0)  -1.01482(  807)   0.00000(    0)                            0.76775      8000
  -1.05339  -1.01506(  802)   0.00000(    0)  -1.01506(  802)   0.00000(    0)                            0.76739      8050
  -0.93894  -1.01459(  798)   0.00000(    0)  -1.01459(  798)   0.00000(    0)                            0.76741      8100
  -1.12475  -1.01526(  796)   0.00000(    0)  -1.01526(  796)   0.00000(    0)                            0.76742      8150
  -0.93362  -1.01477(  793)   0.00000(    0)  -1.01477(  793)   0.00000(    0)                            0.76756      8200
  -0.96526  -1.01447(  789)   0.00000(    0)  -1.01447(  789)   0.00000(    0)                            0.76758      8250
  -1.11534  -1.01507(  786)   0.00000(    0)  -1.01507(  786)   0.00000(    0)                            0.76741      8300
  -1.06044  -1.01535(  782)   0.00000(    0)  -1.01535(  782)   0.00000(    0)                            0.76760      8350
  -0.92469  -1.01481(  779)   0.00000(    0)  -1.01481(  779)   0.00000(    0)                            0.76768      8400
  -0.89391  -1.01409(  778)   0.00000(    0)  -1.01409(  778)   0.00000(    0)                            0.76805      8450
  -1.11494  -1.01468(  776)   0.00000(    0)  -1.01468(  776)   0.00000(    0)                            0.76806      8500
  -0.85762  -1.01376(  777)   0.00000(    0)  -1.01376(  777)   0.00000(    0)                            0.76807      8550
  -1.07721  -1.01413(  773)   0.00000(    0)  -1.01413(  773)   0.00000(    0)                            0.76855      8600
  -0.91294  -1.01355(  771)   0.00000(    0)  -1.01355(  771)   0.00000(    0)                            0.76879      8650
  -0.90761  -1.01294(  769)   0.00000(    0)  -1.01294(  769)   0.00000(    0)                            0.76902      8700
  -1.06883  -1.01326(  765)   0.00000(    0)  -1.01326(  765)   0.00000(    0)                            0.76869      8750
  -1.02310  -1.01332(  761)   0.00000(    0)  -1.01332(  761)   0.00000(    0)                            0.76898      8800
  -0.97744  -1.01311(  757)   0.00000(    0)  -1.01311(  757)   0.00000(    0)                            0.76893      8850
  -1.11760  -1.01370(  755)   0.00000(    0)  -1.01370(  755)   0.00000(    0)                            0.76910      8900
  -0.92129  -1.01318(  752)   0.00000(    0)  -1.01318(  752)   0.00000(    0)                            0.76894      8950
  -1.11028  -1.01372(  750)   0.00000(    0)  -1.01372(  750)   0.00000(    0)                            0.76922      9000
  -1.01693  -1.01374(  746)   0.00000(    0)  -1.01374(  746)   0.00000(    0)                            0.76856      9050
  -0.94772  -1.01338(  743)   0.00000(    0)  -1.01338(  743)   0.00000(    0)                            0.76863      9100
  -0.93235  -1.01293(  740)   0.00000(    0)  -1.01293(  740)   0.00000(    0)                            0.76880      9150
  -1.08853  -1.01335(  737)   0.00000(    0)  -1.01335(  737)   0.00000(    0)                            0.76864      9200
  -1.15505  -1.01411(  737)   0.00000(    0)  -1.01411(  737)   0.00000(    0)                            0.76881      9250
  -1.02032  -1.01415(  733)   0.00000(    0)  -1.01415(  733)   0.00000(    0)                            0.76860      9300
  -0.90752  -1.01358(  731)   0.00000(    0)  -1.01358(  731)   0.00000(    0)                            0.76882      9350
  -1.04747  -1.01376(  728)   0.00000(    0)  -1.01376(  728)   0.00000(    0)                            0.76862      9400
  -1.12472  -1.01434(  726)   0.00000(    0)  -1.01434(  726)   0.00000(    0)                            0.76847      9450
  -0.91872  -1.01384(  724)   0.00000(    0)  -1.01384(  724)   0.00000(    0)                            0.76847      9500
  -1.02300  -1.01389(  720)   0.00000(    0)  -1.01389(  720)   0.00000(    0)                            0.76832      9550
  -1.05543  -1.01410(  717)   0.00000(    0)  -1.01410(  717)   0.00000(    0)                            0.76818      9600
  -0.70985  -1.01253(  730)   0.00000(    0)  -1.01253(  730)   0.00000(    0)                            0.76834      9650
  -1.15280  -1.01325(  730)   0.00000(    0)  -1.01325(  730)   0.00000(    0)                            0.76830      9700
  -0.99442  -1.01315(  726)   0.00000(    0)  -1.01315(  726)   0.00000(    0)                            0.76831      9750
  -0.76834  -1.01190(  733)   0.00000(    0)  -1.01190(  733)   0.00000(    0)                            0.76811      9800
  -0.93540  -1.01152(  731)   0.00000(    0)  -1.01152(  731)   0.00000(    0)                            0.76822      9850
  -1.00735  -1.01150(  727)   0.00000(    0)  -1.01150(  727)   0.00000(    0)                            0.76803      9900
  -1.14582  -1.01217(  726)   0.00000(    0)  -1.01217(  726)   0.00000(    0)                            0.76784      9950
  -1.04400  -1.01233(  723)   0.00000(    0)  -1.01233(  723)   0.00000(    0)                            0.76790     10000
END       OF all    CP, REAL TIME IS       0.75      0.75     0     0
vmc_mov1      H2                  
results after       10000. passes,  nstep, nblk =    50   200
physical variable  average       rms error    rms er*rt(pass)   sigma  Tcor
total E =         -1.0123292 +-  0.0072300  0.72300  0.35907  0.35907    4.05
potential E =      0.0000000 +-  0.0000000  0.00000
jf kinetic E =     0.0000000 +-  0.0000000  0.00000
pb kinetic E =    -1.0123292 +-  0.0072300  0.72300
acceptance =       0.7679000
average psid, det_ref  0.15999D-01 0.15999D-01
log detref -0.10006D+01-0.99921D+00
distance from the nodes    0.00000
 successful dump to unit 10
