executing [../pool//h2.geo] ... 
***
executing [../pool//global.inp] ... 
***
executing [../pool//sto_cvb1.bfinfo] ... 
***
executing [jastrow.0] ... 
***
executing [rhf.sto_cvb1.lcao] ... 
***
executing [rhf.det] ... 
***
***
========================================
INPUT: block exponents missing: all exponents set to 1
INPUT: block csf missing: nstates set to 1
 norb  =          12
 iactv =           2           2
 ivirt =           2           2
           1           1  distinct out of            1
           2           1  distinct out of            1
========================================
 weights:                        weights: 
Variational MC one-electron move mpi                    H2                  

random number seeds          1837465927472523
all energies are in          Hartrees  
hbar**2/(2.*m) =                0.50000

number of geometries =                1

number of wave functions=             1
number of electrons =                 2
number of up,dn electrons =      1    1
version of Metropolis =               6
radial step multiplier =        5.00000
cos(theta) step size =          1.00000
force bias =                    1.00000
no. of steps/block =                 50
no. of blocks after eq.=            200
no. of blocks before eq. =            1
no. configurations saved =            0

Perform wave function optimization in vmc/dmc
Computing/writing quantities for optimization with method sr_n      
Jastrow derivatives are sampled
Number of Jastrow derivatives    9
CI number of coefficients             0

all-electron calculation 

nctype,ncent =                   1    2
iwctype =                      1  1

center positions
center   1 (  0.00000  0.00000 -1.38000)
center   2 (  0.00000  0.00000  1.38000)



Orbitals on localized basis
total no. of basis =                 12
numerical basis used

center type   1

1s           -3
2s            0
2px          -1
2py          -1
2pz          -1
3s            0
3px           0
3py           0
3pz           0
3dzr          0
3dx2          0
3dxy          0
3dxz          0
3dyz          0
4s            0
4px           0
4py           0
4pz           0
4fxxx         0
4fyyy         0
4fzzz         0
4fxxy         0
4fxxz         0
4fyyx         0
4fyyz         0
4fzzx         0
4fzzy         0
4fxyz         0
sa            0
pxa           0
pya           0
pza           0
dzra          0
dx2a          0
dxya          0
dxza          0
dyza          0

charge        1.


no. of orbitals =                    12
                       1          2          3          4          5
    1  1  1   1s   0.015710   0.337495  -0.454328   0.000000   0.000000
    2  1  1   1s   0.441002 -12.974656   9.105179   0.000000   0.000000
    3  1  1   1s   0.078690  14.746578  -8.707358   0.000000   0.000000
    4  1  1  2px  -0.000000  -0.000000   0.000000   0.546004   0.000000
    5  1  1  2py  -0.000000  -0.000000   0.000000   0.000000   0.546004
    6  1  1  2pz   0.036506   0.081330   0.015706   0.000000   0.000000
    7  1  2   1s   0.015710  -0.337495  -0.454328   0.000000   0.000000
    8  1  2   1s   0.441002  12.974656   9.105179   0.000000   0.000000
    9  1  2   1s   0.078690 -14.746578  -8.707358   0.000000   0.000000
   10  1  2  2px  -0.000000  -0.000000   0.000000   0.546004   0.000000
   11  1  2  2py  -0.000000  -0.000000   0.000000   0.000000   0.546004
   12  1  2  2pz  -0.036506   0.081330  -0.015706   0.000000   0.000000

                       6          7          8          9         10
    1  1  1   1s   0.780572  -0.397136  -0.000000   0.000000  -0.352517
    2  1  1   1s -22.487379   5.171758  -0.000000   0.000000 -10.222321
    3  1  1   1s  23.315620  -4.509445  -0.000000   0.000000  17.116138
    4  1  1  2px   0.000000   0.000000  -0.000000   1.244521   0.000000
    5  1  1  2py   0.000000   0.000000   1.244521   0.000000   0.000000
    6  1  1  2pz   0.503469  -0.953995  -0.000000   0.000000   2.801634
    7  1  2   1s  -0.780572  -0.397136  -0.000000   0.000000   0.352517
    8  1  2   1s  22.487379   5.171758  -0.000000   0.000000  10.222321
