executing [../pool//h2.geo] ... 
***
executing [../pool//global.inp] ... 
***
executing [../pool//sto_cvb1.bfinfo] ... 
***
executing [jastrow.0] ... 
***
executing [rhf.sto_cvb1.lcao] ... 
***
executing [rhf.det] ... 
***
***
========================================
INPUT: block exponents missing: all exponents set to 1
INPUT: block csf missing: nstates set to 1
 norb  =          12
 iactv =           2           2
 ivirt =           2           2
           1           1  distinct out of            1
           2           1  distinct out of            1
========================================
 weights:                        weights: 
Variational MC one-electron move mpi                    H2                  

random number seeds          1837465927472523
all energies are in          Hartrees  
hbar**2/(2.*m) =                0.50000

number of geometries =                1

number of wave functions=             1
number of electrons =                 2
number of up,dn electrons =      1    1
version of Metropolis =               6
radial step multiplier =        5.00000
cos(theta) step size =          1.00000
force bias =                    1.00000
no. of steps/block =                 50
no. of blocks after eq.=            200
no. of blocks before eq. =            1
no. configurations saved =            0

Only sample derivatives of wave function for external use
Computing/writing quantities for optimization with method sr_n      
Jastrow derivatives are sampled
Number of Jastrow derivatives    9
CI number of coefficients             0

all-electron calculation 

nctype,ncent =                   1    2
iwctype =                      1  1

center positions
center   1 (  0.00000  0.00000 -1.38000)
center   2 (  0.00000  0.00000  1.38000)



Orbitals on localized basis
total no. of basis =                 12
numerical basis used

center type   1

1s           -3
2s            0
2px          -1
2py          -1
2pz          -1
3s            0
3px           0
3py           0
3pz           0
3dzr          0
3dx2          0
3dxy          0
3dxz          0
3dyz          0
4s            0
4px           0
4py           0
4pz           0
4fxxx         0
4fyyy         0
4fzzz         0
4fxxy         0
4fxxz         0
4fyyx         0
4fyyz         0
4fzzx         0
4fzzy         0
4fxyz         0
sa            0
pxa           0
pya           0
pza           0
dzra          0
dx2a          0
dxya          0
dxza          0
dyza          0

charge        1.


no. of orbitals =                    12
                       1          2          3          4          5
    1  1  1   1s   0.015710   0.337495  -0.454328   0.000000   0.000000
    2  1  1   1s   0.441002 -12.974656   9.105179   0.000000   0.000000
    3  1  1   1s   0.078690  14.746578  -8.707358   0.000000   0.000000
    4  1  1  2px  -0.000000  -0.000000   0.000000   0.546004   0.000000
    5  1  1  2py  -0.000000  -0.000000   0.000000   0.000000   0.546004
    6  1  1  2pz   0.036506   0.081330   0.015706   0.000000   0.000000
    7  1  2   1s   0.015710  -0.337495  -0.454328   0.000000   0.000000
    8  1  2   1s   0.441002  12.974656   9.105179   0.000000   0.000000
    9  1  2   1s   0.078690 -14.746578  -8.707358   0.000000   0.000000
   10  1  2  2px  -0.000000  -0.000000   0.000000   0.546004   0.000000
   11  1  2  2py  -0.000000  -0.000000   0.000000   0.000000   0.546004
   12  1  2  2pz  -0.036506   0.081330  -0.015706   0.000000   0.000000

                       6          7          8          9         10
    1  1  1   1s   0.780572  -0.397136  -0.000000   0.000000  -0.352517
    2  1  1   1s -22.487379   5.171758  -0.000000   0.000000 -10.222321
    3  1  1   1s  23.315620  -4.509445  -0.000000   0.000000  17.116138
    4  1  1  2px   0.000000   0.000000  -0.000000   1.244521   0.000000
    5  1  1  2py   0.000000   0.000000   1.244521   0.000000   0.000000
    6  1  1  2pz   0.503469  -0.953995  -0.000000   0.000000   2.801634
    7  1  2   1s  -0.780572  -0.397136  -0.000000   0.000000   0.352517
    8  1  2   1s  22.487379   5.171758  -0.000000   0.000000  10.222321
    9  1  2   1s -23.315620  -4.509445  -0.000000   0.000000 -17.116138
   10  1  2  2px   0.000000   0.000000  -0.000000  -1.244521   0.000000
   11  1  2  2py   0.000000   0.000000  -1.244521   0.000000   0.000000
   12  1  2  2pz   0.503469   0.953995  -0.000000   0.000000   2.801634

                      11         12
    1  1  1   1s  -2.005005  -3.797670
    2  1  1   1s   9.570240  18.947108
    3  1  1   1s  -8.075130 -10.884573
    4  1  1  2px  -0.000000  -0.000000
    5  1  1  2py  -0.000000  -0.000000
    6  1  1  2pz   0.099336   2.282666
    7  1  2   1s  -2.005005   3.797670
    8  1  2   1s   9.570240 -18.947108
    9  1  2   1s  -8.075130  10.884573
   10  1  2  2px  -0.000000  -0.000000
   11  1  2  2py  -0.000000  -0.000000
   12  1  2  2pz  -0.099336   2.282666


no. of determinants =                 1

determinant coefficients
  1.000000

orbitals in determinants
  1     1
ianalyt_lap=  1
ijas,isc,nspin1,nspin2=   4   2   1   1
new transferable standard form 4
dist scaled r=(1-exp(-scalek*r))/scalek
norda,nordb,nordc=    5    5    0
scalek,a21=   0.60000   0.00000
mparmja,mparmjb,mparmjc=    6    6    0
a=   0.000000  0.000000  0.000000  0.000000  0.000000  0.000000
b=   0.500000  0.500000  0.000000  0.000000  0.000000  0.000000
c=


number of electrons placed =    2

initial configuration from sites
    enow      eave  (eerr )    peave (peerr)    tpbave(tpberr    tjfave(tjferr    fave          (ferr)     accept     iter
  -1.04450  -1.04450(  807)   0.00000(    0)  -0.52796(37332)   0.00000(    0)                            0.71500       100
END       OF equilb CP, REAL TIME IS       0.00      0.00     0     0
    enow      eave  (eerr )    peave (peerr)    tpbave(tpberr    tjfave(tjferr    fave          (ferr)     accept     iter
  -0.95376  -0.95376( 2824)   0.00000(    0)  -0.49685(35133)   0.00000(    0)                            0.80000       100
  -0.97962  -0.96669( 1660)   0.00000(    0)  -0.48917(24465)   0.00000(    0)                            0.82750       200
  -1.12233  -1.01857( 3415)   0.00000(    0)  -0.50462(20643)   0.00000(    0)                            0.79500       300
  -0.82593  -0.97041( 3907)   0.00000(    0)  -0.48115(17161)   0.00000(    0)                            0.78875       400
  -0.96719  -0.96976( 3322)   0.00000(    0)  -0.47369(15103)   0.00000(    0)                            0.78000       500
  -0.95977  -0.96810( 3128)   0.00000(    0)  -0.48499(14130)   0.00000(    0)                            0.78333       600
  -1.02811  -0.97667( 2759)   0.00000(    0)  -0.49147(13250)   0.00000(    0)                            0.77714       700
  -1.01221  -0.98111( 2479)   0.00000(    0)  -0.48988(12342)   0.00000(    0)                            0.77875       800
  -1.07726  -0.99180( 2401)   0.00000(    0)  -0.49976(11895)   0.00000(    0)                            0.77833       900
  -0.97131  -0.98975( 2200)   0.00000(    0)  -0.49560(11188)   0.00000(    0)                            0.77700      1000
  -1.10481  -1.00021( 2122)   0.00000(    0)  -0.50023(10765)   0.00000(    0)                            0.77455      1100
  -1.01220  -1.00121( 2029)   0.00000(    0)  -0.49668(10233)   0.00000(    0)                            0.76833      1200
  -0.93026  -0.99575( 2046)   0.00000(    0)  -0.48905( 9704)   0.00000(    0)                            0.76615      1300
  -1.05496  -0.99998( 1961)   0.00000(    0)  -0.48900( 9342)   0.00000(    0)                            0.76714      1400
  -1.01841  -1.00121( 1843)   0.00000(    0)  -0.49170( 9071)   0.00000(    0)                            0.76267      1500
  -1.08780  -1.00662( 1768)   0.00000(    0)  -0.49455( 8832)   0.00000(    0)                            0.76406      1600
  -1.05032  -1.00919( 1703)   0.00000(    0)  -0.49861( 8641)   0.00000(    0)                            0.76324      1700
  -1.02726  -1.01020( 1610)   0.00000(    0)  -0.49927( 8404)   0.00000(    0)                            0.75833      1800
  -1.02966  -1.01122( 1593)   0.00000(    0)  -0.50331( 8250)   0.00000(    0)                            0.75921      1900
  -0.98365  -1.00984( 1536)   0.00000(    0)  -0.50101( 8004)   0.00000(    0)                            0.75800      2000
  -1.03830  -1.01120( 1471)   0.00000(    0)  -0.50107( 7808)   0.00000(    0)                            0.75452      2100
  -0.96403  -1.00905( 1414)   0.00000(    0)  -0.50078( 7621)   0.00000(    0)                            0.75545      2200
  -1.08534  -1.01237( 1377)   0.00000(    0)  -0.50348( 7495)   0.00000(    0)                            0.75783      2300
  -0.99617  -1.01169( 1355)   0.00000(    0)  -0.50110( 7304)   0.00000(    0)                            0.75958      2400
  -1.07929  -1.01440( 1315)   0.00000(    0)  -0.50278( 7179)   0.00000(    0)                            0.76300      2500
  -1.04249  -1.01548( 1274)   0.00000(    0)  -0.50249( 7033)   0.00000(    0)                            0.76327      2600
  -1.06031  -1.01714( 1243)   0.00000(    0)  -0.50464( 6931)   0.00000(    0)                            0.76389      2700
  -0.93289  -1.01413( 1222)   0.00000(    0)  -0.50412( 6797)   0.00000(    0)                            0.76464      2800
  -1.02026  -1.01434( 1183)   0.00000(    0)  -0.50489( 6687)   0.00000(    0)                            0.76448      2900
  -1.07651  -1.01641( 1163)   0.00000(    0)  -0.50709( 6605)   0.00000(    0)                            0.76450      3000
  -1.04107  -1.01721( 1139)   0.00000(    0)  -0.50634( 6487)   0.00000(    0)                            0.76581      3100
  -0.97959  -1.01603( 1141)   0.00000(    0)  -0.50384( 6357)   0.00000(    0)                            0.76562      3200
  -1.07258  -1.01775( 1118)   0.00000(    0)  -0.50557( 6281)   0.00000(    0)                            0.76530      3300
  -1.11079  -1.02048( 1102)   0.00000(    0)  -0.50719( 6208)   0.00000(    0)                            0.76397      3400
  -0.93376  -1.01801( 1111)   0.00000(    0)  -0.50774( 6124)   0.00000(    0)                            0.76329      3500
  -0.93438  -1.01568( 1101)   0.00000(    0)  -0.50761( 6035)   0.00000(    0)                            0.76319      3600
  -0.98522  -1.01486( 1089)   0.00000(    0)  -0.50587( 5934)   0.00000(    0)                            0.76297      3700
  -1.09564  -1.01699( 1071)   0.00000(    0)  -0.50687( 5866)   0.00000(    0)                            0.76250      3800
  -0.91422  -1.01435( 1067)   0.00000(    0)  -0.50647( 5785)   0.00000(    0)                            0.76308      3900
  -0.92749  -1.01218( 1053)   0.00000(    0)  -0.50585( 5704)   0.00000(    0)                            0.76338      4000
  -0.89500  -1.00932( 1053)   0.00000(    0)  -0.50523( 5627)   0.00000(    0)                            0.76305      4100
  -0.97209  -1.00843( 1030)   0.00000(    0)  -0.50501( 5556)   0.00000(    0)                            0.76238      4200
  -1.11285  -1.01086( 1026)   0.00000(    0)  -0.50542( 5494)   0.00000(    0)                            0.76221      4300
  -0.95679  -1.00963( 1007)   0.00000(    0)  -0.50501( 5426)   0.00000(    0)                            0.76205      4400
  -1.13344  -1.01239( 1003)   0.00000(    0)  -0.50635( 5380)   0.00000(    0)                            0.76311      4500
  -1.10587  -1.01442(  994)   0.00000(    0)  -0.50783( 5338)   0.00000(    0)                            0.76239      4600
  -0.99680  -1.01404(  981)   0.00000(    0)  -0.50851( 5287)   0.00000(    0)                            0.76191      4700
  -1.05433  -1.01488(  968)   0.00000(    0)  -0.50820( 5228)   0.00000(    0)                            0.76365      4800
  -1.12978  -1.01723(  962)   0.00000(    0)  -0.50950( 5188)   0.00000(    0)                            0.76357      4900
  -1.07669  -1.01842(  947)   0.00000(    0)  -0.50994( 5140)   0.00000(    0)                            0.76240      5000
  -0.99306  -1.01792(  929)   0.00000(    0)  -0.50954( 5085)   0.00000(    0)                            0.76235      5100
  -0.98359  -1.01726(  912)   0.00000(    0)  -0.50917( 5031)   0.00000(    0)                            0.76202      5200
  -0.94814  -1.01595(  904)   0.00000(    0)  -0.50911( 4982)   0.00000(    0)                            0.76198      5300
  -0.98283  -1.01534(  888)   0.00000(    0)  -0.50875( 4932)   0.00000(    0)                            0.76259      5400
  -0.80531  -1.01152(  923)   0.00000(    0)  -0.50582( 4867)   0.00000(    0)                            0.76318      5500
  -0.93310  -1.01012(  921)   0.00000(    0)  -0.50418( 4810)   0.00000(    0)                            0.76250      5600
  -0.99419  -1.00984(  906)   0.00000(    0)  -0.50400( 4765)   0.00000(    0)                            0.76211      5700
  -0.98328  -1.00938(  891)   0.00000(    0)  -0.50374( 4721)   0.00000(    0)                            0.76216      5800
  -1.02309  -1.00962(  876)   0.00000(    0)  -0.50371( 4680)   0.00000(    0)                            0.76203      5900
  -1.13360  -1.01168(  874)   0.00000(    0)  -0.50489( 4652)   0.00000(    0)                            0.76083      6000
  -1.05538  -1.01240(  861)   0.00000(    0)  -0.50539( 4618)   0.00000(    0)                            0.76098      6100
  -1.06322  -1.01322(  849)   0.00000(    0)  -0.50592( 4585)   0.00000(    0)                            0.76153      6200
  -1.05947  -1.01395(  838)   0.00000(    0)  -0.50602( 4549)   0.00000(    0)                            0.76278      6300
  -1.04869  -1.01450(  826)   0.00000(    0)  -0.50633( 4515)   0.00000(    0)                            0.76203      6400
  -0.97965  -1.01396(  815)   0.00000(    0)  -0.50589( 4476)   0.00000(    0)                            0.76169      6500
  -1.07479  -1.01488(  805)   0.00000(    0)  -0.50632( 4445)   0.00000(    0)                            0.76242      6600
  -0.95812  -1.01403(  804)   0.00000(    0)  -0.50677( 4415)   0.00000(    0)                            0.76216      6700
  -1.11249  -1.01548(  799)   0.00000(    0)  -0.50751( 4389)   0.00000(    0)                            0.76213      6800
  -0.95184  -1.01456(  790)   0.00000(    0)  -0.50707( 4353)   0.00000(    0)                            0.76167      6900
  -1.01157  -1.01452(  780)   0.00000(    0)  -0.50674( 4319)   0.00000(    0)                            0.76164      7000
  -1.02085  -1.01461(  772)   0.00000(    0)  -0.50631( 4285)   0.00000(    0)                            0.76197      7100
  -0.96138  -1.01387(  766)   0.00000(    0)  -0.50548( 4248)   0.00000(    0)                            0.76174      7200
  -1.02186  -1.01398(  760)   0.00000(    0)  -0.50499( 4215)   0.00000(    0)                            0.76192      7300
  -1.06208  -1.01463(  753)   0.00000(    0)  -0.50490( 4185)   0.00000(    0)                            0.76182      7400
  -0.99533  -1.01437(  744)   0.00000(    0)  -0.50464( 4154)   0.00000(    0)                            0.76207      7500
  -0.99972  -1.01418(  738)   0.00000(    0)  -0.50401( 4122)   0.00000(    0)                            0.76250      7600
  -1.04565  -1.01459(  735)   0.00000(    0)  -0.50359( 4092)   0.00000(    0)                            0.76247      7700
  -0.98570  -1.01422(  727)   0.00000(    0)  -0.50358( 4065)   0.00000(    0)                            0.76327      7800
  -1.08690  -1.01514(  723)   0.00000(    0)  -0.50452( 4047)   0.00000(    0)                            0.76361      7900
  -1.05126  -1.01559(  715)   0.00000(    0)  -0.50471( 4023)   0.00000(    0)                            0.76281      8000
  -1.03339  -1.01581(  710)   0.00000(    0)  -0.50535( 4003)   0.00000(    0)                            0.76290      8100
  -1.01423  -1.01579(  706)   0.00000(    0)  -0.50479( 3974)   0.00000(    0)                            0.76372      8200
  -1.02541  -1.01590(  699)   0.00000(    0)  -0.50458( 3948)   0.00000(    0)                            0.76361      8300
  -1.07448  -1.01660(  697)   0.00000(    0)  -0.50553( 3933)   0.00000(    0)                            0.76268      8400
  -0.88013  -1.01500(  699)   0.00000(    0)  -0.50450( 3903)   0.00000(    0)                            0.76206      8500
  -1.00678  -1.01490(  691)   0.00000(    0)  -0.50469( 3881)   0.00000(    0)                            0.76215      8600
  -0.92011  -1.01381(  688)   0.00000(    0)  -0.50425( 3855)   0.00000(    0)                            0.76259      8700
  -0.95994  -1.01320(  684)   0.00000(    0)  -0.50445( 3834)   0.00000(    0)                            0.76267      8800
  -0.99560  -1.01300(  677)   0.00000(    0)  -0.50448( 3813)   0.00000(    0)                            0.76348      8900
  -1.01197  -1.01299(  678)   0.00000(    0)  -0.50373( 3786)   0.00000(    0)                            0.76311      9000
  -1.02824  -1.01316(  671)   0.00000(    0)  -0.50367( 3765)   0.00000(    0)                            0.76352      9100
  -1.05727  -1.01364(  666)   0.00000(    0)  -0.50370( 3744)   0.00000(    0)                            0.76315      9200
  -0.98701  -1.01335(  662)   0.00000(    0)  -0.50313( 3720)   0.00000(    0)                            0.76312      9300
  -1.08084  -1.01407(  659)   0.00000(    0)  -0.50314( 3700)   0.00000(    0)                            0.76271      9400
  -1.09819  -1.01495(  657)   0.00000(    0)  -0.50333( 3681)   0.00000(    0)                            0.76332      9500
  -1.15087  -1.01637(  657)   0.00000(    0)  -0.50411( 3668)   0.00000(    0)                            0.76344      9600
  -1.12036  -1.01744(  655)   0.00000(    0)  -0.50459( 3653)   0.00000(    0)                            0.76299      9700
  -1.10960  -1.01838(  654)   0.00000(    0)  -0.50475( 3635)   0.00000(    0)                            0.76270      9800
  -0.94240  -1.01761(  660)   0.00000(    0)  -0.50359( 3610)   0.00000(    0)                            0.76303      9900
  -0.86627  -1.01610(  663)   0.00000(    0)  -0.50256( 3586)   0.00000(    0)                            0.76335     10000
  -1.08906  -1.01682(  660)   0.00000(    0)  -0.50265( 3568)   0.00000(    0)                            0.76312     10100
  -0.98632  -1.01652(  657)   0.00000(    0)  -0.50212( 3547)   0.00000(    0)                            0.76348     10200
  -0.95862  -1.01596(  656)   0.00000(    0)  -0.50136( 3525)   0.00000(    0)                            0.76301     10300
  -0.96993  -1.01552(  658)   0.00000(    0)  -0.50049( 3503)   0.00000(    0)                            0.76341     10400
  -0.89646  -1.01439(  658)   0.00000(    0)  -0.49974( 3481)   0.00000(    0)                            0.76371     10500
  -0.99438  -1.01420(  653)   0.00000(    0)  -0.49999( 3466)   0.00000(    0)                            0.76415     10600
  -0.96228  -1.01371(  648)   0.00000(    0)  -0.49986( 3449)   0.00000(    0)                            0.76439     10700
  -0.96590  -1.01327(  643)   0.00000(    0)  -0.49988( 3433)   0.00000(    0)                            0.76440     10800
  -1.07801  -1.01386(  639)   0.00000(    0)  -0.50022( 3419)   0.00000(    0)                            0.76450     10900
  -1.01766  -1.01390(  633)   0.00000(    0)  -0.50047( 3405)   0.00000(    0)                            0.76527     11000
  -1.05794  -1.01429(  628)   0.00000(    0)  -0.50080( 3392)   0.00000(    0)                            0.76581     11100
  -0.99404  -1.01411(  623)   0.00000(    0)  -0.50087( 3377)   0.00000(    0)                            0.76580     11200
  -0.99522  -1.01395(  620)   0.00000(    0)  -0.50119( 3364)   0.00000(    0)                            0.76584     11300
  -1.02129  -1.01401(  617)   0.00000(    0)  -0.50165( 3352)   0.00000(    0)                            0.76579     11400
  -1.03506  -1.01419(  613)   0.00000(    0)  -0.50213( 3341)   0.00000(    0)                            0.76596     11500
  -1.09505  -1.01489(  610)   0.00000(    0)  -0.50239( 3328)   0.00000(    0)                            0.76565     11600
  -1.05077  -1.01520(  606)   0.00000(    0)  -0.50249( 3314)   0.00000(    0)                            0.76517     11700
  -0.98452  -1.01494(  601)   0.00000(    0)  -0.50221( 3298)   0.00000(    0)                            0.76513     11800
  -1.03826  -1.01513(  598)   0.00000(    0)  -0.50210( 3283)   0.00000(    0)                            0.76550     11900
  -1.09469  -1.01580(  595)   0.00000(    0)  -0.50223( 3270)   0.00000(    0)                            0.76571     12000
  -0.99131  -1.01559(  594)   0.00000(    0)  -0.50263( 3259)   0.00000(    0)                            0.76591     12100
  -1.01806  -1.01561(  591)   0.00000(    0)  -0.50238( 3244)   0.00000(    0)                            0.76594     12200
  -1.06797  -1.01604(  588)   0.00000(    0)  -0.50244( 3231)   0.00000(    0)                            0.76581     12300
  -0.99210  -1.01585(  583)   0.00000(    0)  -0.50232( 3217)   0.00000(    0)                            0.76601     12400
  -0.90936  -1.01499(  585)   0.00000(    0)  -0.50239( 3204)   0.00000(    0)                            0.76576     12500
  -0.93421  -1.01435(  585)   0.00000(    0)  -0.50254( 3192)   0.00000(    0)                            0.76575     12600
  -1.06334  -1.01474(  581)   0.00000(    0)  -0.50274( 3181)   0.00000(    0)                            0.76614     12700
  -1.05047  -1.01502(  578)   0.00000(    0)  -0.50273( 3168)   0.00000(    0)                            0.76629     12800
  -0.91674  -1.01426(  576)   0.00000(    0)  -0.50245( 3154)   0.00000(    0)                            0.76632     12900
  -0.96652  -1.01389(  572)   0.00000(    0)  -0.50247( 3142)   0.00000(    0)                            0.76692     13000
  -1.04472  -1.01412(  569)   0.00000(    0)  -0.50238( 3129)   0.00000(    0)                            0.76744     13100
  -0.90984  -1.01333(  571)   0.00000(    0)  -0.50157( 3113)   0.00000(    0)                            0.76746     13200
  -1.04050  -1.01354(  569)   0.00000(    0)  -0.50139( 3100)   0.00000(    0)                            0.76733     13300
  -1.03394  -1.01369(  565)   0.00000(    0)  -0.50167( 3090)   0.00000(    0)                            0.76750     13400
  -1.05376  -1.01399(  562)   0.00000(    0)  -0.50192( 3080)   0.00000(    0)                            0.76774     13500
  -1.09347  -1.01457(  559)   0.00000(    0)  -0.50210( 3070)   0.00000(    0)                            0.76761     13600
  -1.05521  -1.01487(  556)   0.00000(    0)  -0.50216( 3059)   0.00000(    0)                            0.76748     13700
  -1.00636  -1.01481(  552)   0.00000(    0)  -0.50223( 3048)   0.00000(    0)                            0.76768     13800
  -1.04805  -1.01505(  550)   0.00000(    0)  -0.50211( 3036)   0.00000(    0)                            0.76723     13900
  -0.94935  -1.01458(  547)   0.00000(    0)  -0.50193( 3024)   0.00000(    0)                            0.76732     14000
  -1.07559  -1.01501(  545)   0.00000(    0)  -0.50242( 3016)   0.00000(    0)                            0.76745     14100
  -1.15353  -1.01599(  545)   0.00000(    0)  -0.50293( 3009)   0.00000(    0)                            0.76641     14200
  -1.08374  -1.01646(  542)   0.00000(    0)  -0.50327( 3000)   0.00000(    0)                            0.76605     14300
  -0.98232  -1.01622(  540)   0.00000(    0)  -0.50341( 2991)   0.00000(    0)                            0.76594     14400
  -0.91538  -1.01553(  542)   0.00000(    0)  -0.50267( 2977)   0.00000(    0)                            0.76590     14500
  -0.93044  -1.01494(  540)   0.00000(    0)  -0.50232( 2965)   0.00000(    0)                            0.76582     14600
  -1.12893  -1.01572(  539)   0.00000(    0)  -0.50282( 2958)   0.00000(    0)                            0.76582     14700
  -0.99327  -1.01557(  536)   0.00000(    0)  -0.50258( 2946)   0.00000(    0)                            0.76581     14800
  -1.08623  -1.01604(  534)   0.00000(    0)  -0.50277( 2937)   0.00000(    0)                            0.76570     14900
  -1.00878  -1.01599(  534)   0.00000(    0)  -0.50325( 2930)   0.00000(    0)                            0.76600     15000
  -1.04847  -1.01621(  531)   0.00000(    0)  -0.50331( 2921)   0.00000(    0)                            0.76573     15100
  -0.86358  -1.01520(  535)   0.00000(    0)  -0.50321( 2911)   0.00000(    0)                            0.76553     15200
  -1.01626  -1.01521(  532)   0.00000(    0)  -0.50333( 2902)   0.00000(    0)                            0.76533     15300
  -1.05575  -1.01547(  529)   0.00000(    0)  -0.50359( 2894)   0.00000(    0)                            0.76565     15400
  -1.05289  -1.01572(  526)   0.00000(    0)  -0.50359( 2884)   0.00000(    0)                            0.76558     15500
  -0.97682  -1.01547(  523)   0.00000(    0)  -0.50366( 2875)   0.00000(    0)                            0.76558     15600
  -0.99920  -1.01536(  520)   0.00000(    0)  -0.50353( 2865)   0.00000(    0)                            0.76564     15700
  -1.10106  -1.01591(  519)   0.00000(    0)  -0.50381( 2857)   0.00000(    0)                            0.76563     15800
  -0.94311  -1.01545(  516)   0.00000(    0)  -0.50358( 2847)   0.00000(    0)                            0.76557     15900
  -0.94100  -1.01498(  514)   0.00000(    0)  -0.50326( 2836)   0.00000(    0)                            0.76559     16000
  -1.01780  -1.01500(  512)   0.00000(    0)  -0.50350( 2829)   0.00000(    0)                            0.76565     16100
  -0.97514  -1.01475(  513)   0.00000(    0)  -0.50294( 2818)   0.00000(    0)                            0.76580     16200
  -1.03926  -1.01490(  513)   0.00000(    0)  -0.50270( 2808)   0.00000(    0)                            0.76543     16300
  -0.87884  -1.01407(  513)   0.00000(    0)  -0.50235( 2797)   0.00000(    0)                            0.76561     16400
  -1.08349  -1.01449(  511)   0.00000(    0)  -0.50262( 2790)   0.00000(    0)                            0.76573     16500
  -1.06153  -1.01478(  509)   0.00000(    0)  -0.50297( 2784)   0.00000(    0)                            0.76554     16600
  -0.76567  -1.01329(  521)   0.00000(    0)  -0.50274( 2774)   0.00000(    0)                            0.76560     16700
  -0.97801  -1.01308(  518)   0.00000(    0)  -0.50275( 2766)   0.00000(    0)                            0.76595     16800
  -0.95870  -1.01275(  517)   0.00000(    0)  -0.50289( 2758)   0.00000(    0)                            0.76598     16900
  -0.98700  -1.01260(  514)   0.00000(    0)  -0.50287( 2750)   0.00000(    0)                            0.76588     17000
  -0.78185  -1.01125(  521)   0.00000(    0)  -0.50247( 2740)   0.00000(    0)                            0.76626     17100
  -1.02506  -1.01133(  519)   0.00000(    0)  -0.50243( 2731)   0.00000(    0)                            0.76619     17200
  -1.04512  -1.01153(  517)   0.00000(    0)  -0.50281( 2726)   0.00000(    0)                            0.76575     17300
  -1.00296  -1.01148(  515)   0.00000(    0)  -0.50307( 2719)   0.00000(    0)                            0.76569     17400
  -1.03795  -1.01163(  513)   0.00000(    0)  -0.50320( 2712)   0.00000(    0)                            0.76549     17500
  -1.03109  -1.01174(  510)   0.00000(    0)  -0.50335( 2705)   0.00000(    0)                            0.76537     17600
  -1.04246  -1.01192(  507)   0.00000(    0)  -0.50333( 2697)   0.00000(    0)                            0.76542     17700
  -1.03149  -1.01203(  505)   0.00000(    0)  -0.50347( 2690)   0.00000(    0)                            0.76542     17800
  -0.88059  -1.01129(  505)   0.00000(    0)  -0.50331( 2682)   0.00000(    0)                            0.76567     17900
  -1.06125  -1.01157(  503)   0.00000(    0)  -0.50349( 2675)   0.00000(    0)                            0.76525     18000
  -1.08407  -1.01197(  501)   0.00000(    0)  -0.50386( 2670)   0.00000(    0)                            0.76519     18100
  -0.96493  -1.01171(  503)   0.00000(    0)  -0.50416( 2664)   0.00000(    0)                            0.76527     18200
  -1.04538  -1.01189(  501)   0.00000(    0)  -0.50405( 2656)   0.00000(    0)                            0.76527     18300
  -0.93129  -1.01146(  499)   0.00000(    0)  -0.50397( 2648)   0.00000(    0)                            0.76497     18400
  -1.03307  -1.01157(  498)   0.00000(    0)  -0.50378( 2640)   0.00000(    0)                            0.76522     18500
  -0.98302  -1.01142(  496)   0.00000(    0)  -0.50356( 2632)   0.00000(    0)                            0.76530     18600
  -1.07332  -1.01175(  495)   0.00000(    0)  -0.50391( 2627)   0.00000(    0)                            0.76524     18700
  -1.02926  -1.01184(  492)   0.00000(    0)  -0.50405( 2620)   0.00000(    0)                            0.76513     18800
  -0.96020  -1.01157(  490)   0.00000(    0)  -0.50404( 2613)   0.00000(    0)                            0.76550     18900
  -0.90004  -1.01098(  489)   0.00000(    0)  -0.50385( 2605)   0.00000(    0)                            0.76566     19000
  -1.11194  -1.01151(  489)   0.00000(    0)  -0.50403( 2599)   0.00000(    0)                            0.76558     19100
  -1.02588  -1.01159(  486)   0.00000(    0)  -0.50409( 2593)   0.00000(    0)                            0.76565     19200
  -0.90750  -1.01105(  485)   0.00000(    0)  -0.50394( 2585)   0.00000(    0)                            0.76583     19300
  -1.06704  -1.01134(  483)   0.00000(    0)  -0.50415( 2580)   0.00000(    0)                            0.76567     19400
  -1.09241  -1.01175(  483)   0.00000(    0)  -0.50416( 2573)   0.00000(    0)                            0.76579     19500
  -1.02079  -1.01180(  481)   0.00000(    0)  -0.50399( 2566)   0.00000(    0)                            0.76551     19600
  -1.08150  -1.01215(  481)   0.00000(    0)  -0.50392( 2559)   0.00000(    0)                            0.76538     19700
  -0.92154  -1.01169(  480)   0.00000(    0)  -0.50392( 2552)   0.00000(    0)                            0.76586     19800
  -1.11413  -1.01221(  479)   0.00000(    0)  -0.50410( 2546)   0.00000(    0)                            0.76555     19900
  -0.95936  -1.01195(  478)   0.00000(    0)  -0.50418( 2540)   0.00000(    0)                            0.76562     20000
END       OF all    CP, REAL TIME IS       0.23      0.23     0     0
vmc_mov1      H2                  
results after       20000. passes,  nstep, nblk =    50   400
physical variable  average       rms error    rms er*rt(pass)   sigma  Tcor
total E =         -1.0119453 +-  0.0047834  0.67648  0.34353  0.34353    3.88
potential E =      0.0000000 +-  0.0000000  0.00000
jf kinetic E =     0.0000000 +-  0.0000000  0.00000
pb kinetic E =    -0.5041829 +-  0.0254044  3.59273
acceptance =       0.7656250
average psid, det_ref  0.15952D-01 0.15952D-01
log detref -0.99985D+00-0.99850D+00
distance from the nodes    0.00000
 successful dump to unit 10
