executing [../pool//h2.geo] ... 
***
executing [../pool//global.inp] ... 
***
executing [../pool//sto_cvb1.bfinfo] ... 
***
executing [jastrow.0] ... 
***
executing [rhf.sto_cvb1.lcao] ... 
***
executing [rhf.det] ... 
***
***
========================================
INPUT: block exponents missing: all exponents set to 1
INPUT: block csf missing: nstates set to 1
 norb  =          12
 iactv =           2           2
 ivirt =           2           2
           1           1  distinct out of            1
           2           1  distinct out of            1
========================================
 weights:                        weights: 
Variational MC one-electron move mpi                    H2                  

random number seeds          1837465927472523
all energies are in          Hartrees  
hbar**2/(2.*m) =                0.50000

number of geometries =                1

number of wave functions=             1
number of electrons =                 2
number of up,dn electrons =      1    1
version of Metropolis =               6
radial step multiplier =        5.00000
cos(theta) step size =          1.00000
force bias =                    1.00000
no. of steps/block =                 50
no. of blocks after eq.=            200
no. of blocks before eq. =            1
no. configurations saved =            0

Only sample derivatives of wave function for external use
Computing/writing quantities for optimization with method sr_n      
Jastrow derivatives are sampled
Number of Jastrow derivatives    9
CI number of coefficients             0

all-electron calculation 

nctype,ncent =                   1    2
iwctype =                      1  1

center positions
center   1 (  0.00000  0.00000 -1.38000)
center   2 (  0.00000  0.00000  1.38000)



Orbitals on localized basis
total no. of basis =                 12
numerical basis used

center type   1

1s           -3
2s            0
2px          -1
2py          -1
2pz          -1
3s            0
3px           0
3py           0
3pz           0
3dzr          0
3dx2          0
3dxy          0
3dxz          0
3dyz          0
4s            0
4px           0
4py           0
4pz           0
4fxxx         0
4fyyy         0
4fzzz         0
4fxxy         0
4fxxz         0
4fyyx         0
4fyyz         0
4fzzx         0
4fzzy         0
4fxyz         0
sa            0
pxa           0
pya           0
pza           0
dzra          0
dx2a          0
dxya          0
dxza          0
dyza          0

charge        1.


no. of orbitals =                    12
                       1          2          3          4          5
    1  1  1   1s   0.015710   0.337495  -0.454328   0.000000   0.000000
    2  1  1   1s   0.441002 -12.974656   9.105179   0.000000   0.000000
    3  1  1   1s   0.078690  14.746578  -8.707358   0.000000   0.000000
    4  1  1  2px  -0.000000  -0.000000   0.000000   0.546004   0.000000
    5  1  1  2py  -0.000000  -0.000000   0.000000   0.000000   0.546004
    6  1  1  2pz   0.036506   0.081330   0.015706   0.000000   0.000000
    7  1  2   1s   0.015710  -0.337495  -0.454328   0.000000   0.000000
    8  1  2   1s   0.441002  12.974656   9.105179   0.000000   0.000000
    9  1  2   1s   0.078690 -14.746578  -8.707358   0.000000   0.000000
   10  1  2  2px  -0.000000  -0.000000   0.000000   0.546004   0.000000
   11  1  2  2py  -0.000000  -0.000000   0.000000   0.000000   0.546004
   12  1  2  2pz  -0.036506   0.081330  -0.015706   0.000000   0.000000

                       6          7          8          9         10
    1  1  1   1s   0.780572  -0.397136  -0.000000   0.000000  -0.352517
    2  1  1   1s -22.487379   5.171758  -0.000000   0.000000 -10.222321
    3  1  1   1s  23.315620  -4.509445  -0.000000   0.000000  17.116138
    4  1  1  2px   0.000000   0.000000  -0.000000   1.244521   0.000000
    5  1  1  2py   0.000000   0.000000   1.244521   0.000000   0.000000
    6  1  1  2pz   0.503469  -0.953995  -0.000000   0.000000   2.801634
    7  1  2   1s  -0.780572  -0.397136  -0.000000   0.000000   0.352517
    8  1  2   1s  22.487379   5.171758  -0.000000   0.000000  10.222321
    9  1  2   1s -23.315620  -4.509445  -0.000000   0.000000 -17.116138
   10  1  2  2px   0.000000   0.000000  -0.000000  -1.244521   0.000000
   11  1  2  2py   0.000000   0.000000  -1.244521   0.000000   0.000000
   12  1  2  2pz   0.503469   0.953995  -0.000000   0.000000   2.801634

                      11         12
    1  1  1   1s  -2.005005  -3.797670
    2  1  1   1s   9.570240  18.947108
    3  1  1   1s  -8.075130 -10.884573
    4  1  1  2px  -0.000000  -0.000000
    5  1  1  2py  -0.000000  -0.000000
    6  1  1  2pz   0.099336   2.282666
    7  1  2   1s  -2.005005   3.797670
    8  1  2   1s   9.570240 -18.947108
    9  1  2   1s  -8.075130  10.884573
   10  1  2  2px  -0.000000  -0.000000
   11  1  2  2py  -0.000000  -0.000000
   12  1  2  2pz  -0.099336   2.282666


no. of determinants =                 1

determinant coefficients
  1.000000

orbitals in determinants
  1     1
ianalyt_lap=  1
ijas,isc,nspin1,nspin2=   4   2   1   1
new transferable standard form 4
dist scaled r=(1-exp(-scalek*r))/scalek
norda,nordb,nordc=    5    5    0
scalek,a21=   0.60000   0.00000
mparmja,mparmjb,mparmjc=    6    6    0
a=   0.000000  0.000000  0.000000  0.000000  0.000000  0.000000
b=   0.500000  0.500000  0.000000  0.000000  0.000000  0.000000
c=


number of electrons placed =    2

initial configuration from sites
    enow      eave  (eerr )    peave (peerr)    tpbave(tpberr    tjfave(tjferr    fave          (ferr)     accept     iter
  -1.05592  -1.05592(    0)   0.00000(    0)  -1.05592(    0)   0.00000(    0)                            0.79000        50
END       OF equilb CP, REAL TIME IS       0.00      0.00     0     0
    enow      eave  (eerr )    peave (peerr)    tpbave(tpberr    tjfave(tjferr    fave          (ferr)     accept     iter
  -0.99370  -0.99370(    0)   0.00000(    0)  -0.99370(    0)   0.00000(    0)                            0.83000        50
  -0.96300  -0.97835( 1085)   0.00000(    0)  -0.97835( 1085)   0.00000(    0)                            0.85500       100
  -1.07101  -1.00924( 2624)   0.00000(    0)  -1.00924( 2624)   0.00000(    0)                            0.81000       150
  -0.82152  -0.96231( 4516)   0.00000(    0)  -0.96231( 4516)   0.00000(    0)                            0.80000       200
  -0.88767  -0.94738( 3851)   0.00000(    0)  -0.94738( 3851)   0.00000(    0)                            0.80000       250
  -1.08294  -0.96997( 3815)   0.00000(    0)  -0.96997( 3815)   0.00000(    0)                            0.79333       300
  -1.06070  -0.98293( 3483)   0.00000(    0)  -0.98293( 3483)   0.00000(    0)                            0.78714       350
  -0.95748  -0.97975( 3062)   0.00000(    0)  -0.97975( 3062)   0.00000(    0)                            0.77875       400
  -1.15773  -0.99953( 3299)   0.00000(    0)  -0.99953( 3299)   0.00000(    0)                            0.77667       450
  -0.91617  -0.99119( 3073)   0.00000(    0)  -0.99119( 3073)   0.00000(    0)                            0.77300       500
  -1.09322  -1.00047( 2930)   0.00000(    0)  -1.00047( 2930)   0.00000(    0)                            0.77364       550
  -0.91507  -0.99335( 2771)   0.00000(    0)  -0.99335( 2771)   0.00000(    0)                            0.76750       600
  -0.79512  -0.97810( 2948)   0.00000(    0)  -0.97810( 2948)   0.00000(    0)                            0.77000       650
  -0.97666  -0.97800( 2737)   0.00000(    0)  -0.97800( 2737)   0.00000(    0)                            0.77214       700
  -1.05914  -0.98341( 2608)   0.00000(    0)  -0.98341( 2608)   0.00000(    0)                            0.76667       750
  -1.07446  -0.98910( 2506)   0.00000(    0)  -0.98910( 2506)   0.00000(    0)                            0.76500       800
  -1.12717  -0.99722( 2487)   0.00000(    0)  -0.99722( 2487)   0.00000(    0)                            0.76353       850
  -1.02107  -0.99855( 2352)   0.00000(    0)  -0.99855( 2352)   0.00000(    0)                            0.76167       900
  -1.15181  -1.00661( 2363)   0.00000(    0)  -1.00661( 2363)   0.00000(    0)                            0.76158       950
  -0.91460  -1.00201( 2289)   0.00000(    0)  -1.00201( 2289)   0.00000(    0)                            0.76150      1000
  -1.00465  -1.00214( 2180)   0.00000(    0)  -1.00214( 2180)   0.00000(    0)                            0.75286      1050
  -0.98931  -1.00155( 2082)   0.00000(    0)  -1.00155( 2082)   0.00000(    0)                            0.75318      1100
  -1.12594  -1.00696( 2060)   0.00000(    0)  -1.00696( 2060)   0.00000(    0)                            0.75652      1150
  -0.89290  -1.00221( 2028)   0.00000(    0)  -1.00221( 2028)   0.00000(    0)                            0.75500      1200
  -1.08584  -1.00555( 1975)   0.00000(    0)  -1.00555( 1975)   0.00000(    0)                            0.75760      1250
  -0.99066  -1.00498( 1899)   0.00000(    0)  -1.00498( 1899)   0.00000(    0)                            0.75846      1300
  -1.12120  -1.00929( 1877)   0.00000(    0)  -1.00929( 1877)   0.00000(    0)                            0.75926      1350
  -0.98022  -1.00825( 1813)   0.00000(    0)  -1.00825( 1813)   0.00000(    0)                            0.75893      1400
  -1.05256  -1.00978( 1757)   0.00000(    0)  -1.00978( 1757)   0.00000(    0)                            0.76034      1450
  -1.14201  -1.01418( 1753)   0.00000(    0)  -1.01418( 1753)   0.00000(    0)                            0.76167      1500
  -0.96741  -1.01268( 1703)   0.00000(    0)  -1.01268( 1703)   0.00000(    0)                            0.76355      1550
  -0.85305  -1.00769( 1721)   0.00000(    0)  -1.00769( 1721)   0.00000(    0)                            0.76281      1600
  -1.12171  -1.01114( 1703)   0.00000(    0)  -1.01114( 1703)   0.00000(    0)                            0.76303      1650
  -1.12136  -1.01438( 1684)   0.00000(    0)  -1.01438( 1684)   0.00000(    0)                            0.76088      1700
  -1.05244  -1.01547( 1639)   0.00000(    0)  -1.01547( 1639)   0.00000(    0)                            0.75914      1750
  -1.00663  -1.01523( 1594)   0.00000(    0)  -1.01523( 1594)   0.00000(    0)                            0.75833      1800
  -0.88654  -1.01175( 1588)   0.00000(    0)  -1.01175( 1588)   0.00000(    0)                            0.75838      1850
  -1.08722  -1.01373( 1559)   0.00000(    0)  -1.01373( 1559)   0.00000(    0)                            0.75737      1900
  -0.98247  -1.01293( 1521)   0.00000(    0)  -1.01293( 1521)   0.00000(    0)                            0.75744      1950
  -0.96342  -1.01169( 1488)   0.00000(    0)  -1.01169( 1488)   0.00000(    0)                            0.75700      2000
  -0.96086  -1.01045( 1457)   0.00000(    0)  -1.01045( 1457)   0.00000(    0)                            0.75659      2050
  -0.99209  -1.01002( 1423)   0.00000(    0)  -1.01002( 1423)   0.00000(    0)                            0.75476      2100
  -1.04526  -1.01084( 1392)   0.00000(    0)  -1.01084( 1392)   0.00000(    0)                            0.75628      2150
  -0.97515  -1.01003( 1363)   0.00000(    0)  -1.01003( 1363)   0.00000(    0)                            0.75682      2200
  -1.12996  -1.01269( 1358)   0.00000(    0)  -1.01269( 1358)   0.00000(    0)                            0.75756      2250
  -1.14948  -1.01566( 1361)   0.00000(    0)  -1.01566( 1361)   0.00000(    0)                            0.75457      2300
  -1.07977  -1.01703( 1339)   0.00000(    0)  -1.01703( 1339)   0.00000(    0)                            0.75447      2350
  -0.98730  -1.01641( 1312)   0.00000(    0)  -1.01641( 1312)   0.00000(    0)                            0.75646      2400
  -1.14304  -1.01899( 1311)   0.00000(    0)  -1.01899( 1311)   0.00000(    0)                            0.75592      2450
  -1.06285  -1.01987( 1287)   0.00000(    0)  -1.01987( 1287)   0.00000(    0)                            0.75500      2500
  -0.97930  -1.01908( 1265)   0.00000(    0)  -1.01908( 1265)   0.00000(    0)                            0.75510      2550
  -0.98100  -1.01834( 1242)   0.00000(    0)  -1.01834( 1242)   0.00000(    0)                            0.75500      2600
  -1.01176  -1.01822( 1219)   0.00000(    0)  -1.01822( 1219)   0.00000(    0)                            0.75434      2650
  -0.97988  -1.01751( 1199)   0.00000(    0)  -1.01751( 1199)   0.00000(    0)                            0.75519      2700
  -0.69451  -1.01164( 1313)   0.00000(    0)  -1.01164( 1313)   0.00000(    0)                            0.75655      2750
  -0.82859  -1.00837( 1329)   0.00000(    0)  -1.00837( 1329)   0.00000(    0)                            0.75679      2800
  -0.98698  -1.00799( 1307)   0.00000(    0)  -1.00799( 1307)   0.00000(    0)                            0.75614      2850
  -0.97846  -1.00748( 1285)   0.00000(    0)  -1.00748( 1285)   0.00000(    0)                            0.75621      2900
  -1.00328  -1.00741( 1263)   0.00000(    0)  -1.00741( 1263)   0.00000(    0)                            0.75695      2950
  -1.14996  -1.00979( 1264)   0.00000(    0)  -1.00979( 1264)   0.00000(    0)                            0.75650      3000
  -1.06978  -1.01077( 1247)   0.00000(    0)  -1.01077( 1247)   0.00000(    0)                            0.75623      3050
  -1.07682  -1.01184( 1232)   0.00000(    0)  -1.01184( 1232)   0.00000(    0)                            0.75694      3100
  -1.02496  -1.01204( 1213)   0.00000(    0)  -1.01204( 1213)   0.00000(    0)                            0.75810      3150
  -1.05099  -1.01265( 1195)   0.00000(    0)  -1.01265( 1195)   0.00000(    0)                            0.75719      3200
  -0.95604  -1.01178( 1180)   0.00000(    0)  -1.01178( 1180)   0.00000(    0)                            0.75677      3250
  -1.06892  -1.01265( 1165)   0.00000(    0)  -1.01265( 1165)   0.00000(    0)                            0.75697      3300
  -1.07193  -1.01353( 1151)   0.00000(    0)  -1.01353( 1151)   0.00000(    0)                            0.75642      3350
  -1.11407  -1.01501( 1144)   0.00000(    0)  -1.01501( 1144)   0.00000(    0)                            0.75588      3400
  -0.95430  -1.01413( 1130)   0.00000(    0)  -1.01413( 1130)   0.00000(    0)                            0.75551      3450
  -0.96871  -1.01348( 1116)   0.00000(    0)  -1.01348( 1116)   0.00000(    0)                            0.75571      3500
  -0.95241  -1.01262( 1104)   0.00000(    0)  -1.01262( 1104)   0.00000(    0)                            0.75577      3550
  -0.89248  -1.01095( 1101)   0.00000(    0)  -1.01095( 1101)   0.00000(    0)                            0.75514      3600
  -0.93938  -1.00997( 1090)   0.00000(    0)  -1.00997( 1090)   0.00000(    0)                            0.75507      3650
  -0.99703  -1.00980( 1076)   0.00000(    0)  -1.00980( 1076)   0.00000(    0)                            0.75527      3700
  -0.97019  -1.00927( 1063)   0.00000(    0)  -1.00927( 1063)   0.00000(    0)                            0.75573      3750
  -0.91500  -1.00803( 1056)   0.00000(    0)  -1.00803( 1056)   0.00000(    0)                            0.75605      3800
  -0.94288  -1.00718( 1046)   0.00000(    0)  -1.00718( 1046)   0.00000(    0)                            0.75636      3850
  -1.00565  -1.00716( 1032)   0.00000(    0)  -1.00716( 1032)   0.00000(    0)                            0.75718      3900
  -1.15492  -1.00903( 1036)   0.00000(    0)  -1.00903( 1036)   0.00000(    0)                            0.75747      3950
  -1.03920  -1.00941( 1024)   0.00000(    0)  -1.00941( 1024)   0.00000(    0)                            0.75713      4000
  -1.11350  -1.01070( 1019)   0.00000(    0)  -1.01070( 1019)   0.00000(    0)                            0.75840      4050
  -0.91882  -1.00958( 1013)   0.00000(    0)  -1.00958( 1013)   0.00000(    0)                            0.75927      4100
  -0.97436  -1.00915( 1001)   0.00000(    0)  -1.00915( 1001)   0.00000(    0)                            0.75916      4150
  -1.16988  -1.01107( 1008)   0.00000(    0)  -1.01107( 1008)   0.00000(    0)                            0.75869      4200
  -0.83606  -1.00901( 1017)   0.00000(    0)  -1.00901( 1017)   0.00000(    0)                            0.75847      4250
  -1.04148  -1.00938( 1005)   0.00000(    0)  -1.00938( 1005)   0.00000(    0)                            0.75872      4300
  -0.93280  -1.00850(  998)   0.00000(    0)  -1.00850(  998)   0.00000(    0)                            0.75862      4350
  -1.04258  -1.00889(  987)   0.00000(    0)  -1.00889(  987)   0.00000(    0)                            0.75852      4400
  -1.01574  -1.00897(  976)   0.00000(    0)  -1.00897(  976)   0.00000(    0)                            0.75921      4450
  -0.87416  -1.00747(  977)   0.00000(    0)  -1.00747(  977)   0.00000(    0)                            0.75911      4500
  -0.99524  -1.00734(  966)   0.00000(    0)  -1.00734(  966)   0.00000(    0)                            0.75934      4550
  -1.01277  -1.00739(  956)   0.00000(    0)  -1.00739(  956)   0.00000(    0)                            0.75902      4600
  -0.90144  -1.00626(  952)   0.00000(    0)  -1.00626(  952)   0.00000(    0)                            0.75978      4650
  -1.00866  -1.00628(  942)   0.00000(    0)  -1.00628(  942)   0.00000(    0)                            0.76043      4700
  -1.04171  -1.00665(  933)   0.00000(    0)  -1.00665(  933)   0.00000(    0)                            0.76105      4750
  -1.15668  -1.00822(  936)   0.00000(    0)  -1.00822(  936)   0.00000(    0)                            0.76083      4800
  -1.10172  -1.00918(  931)   0.00000(    0)  -1.00918(  931)   0.00000(    0)                            0.76062      4850
  -1.04083  -1.00950(  922)   0.00000(    0)  -1.00950(  922)   0.00000(    0)                            0.76051      4900
  -0.77982  -1.00718(  942)   0.00000(    0)  -1.00718(  942)   0.00000(    0)                            0.76141      4950
  -0.80113  -1.00512(  955)   0.00000(    0)  -1.00512(  955)   0.00000(    0)                            0.76200      5000
  -1.02338  -1.00530(  945)   0.00000(    0)  -1.00530(  945)   0.00000(    0)                            0.76188      5050
  -0.89757  -1.00425(  942)   0.00000(    0)  -1.00425(  942)   0.00000(    0)                            0.76216      5100
  -0.84697  -1.00272(  945)   0.00000(    0)  -1.00272(  945)   0.00000(    0)                            0.76214      5150
  -0.82150  -1.00098(  952)   0.00000(    0)  -1.00098(  952)   0.00000(    0)                            0.76269      5200
  -0.84275  -0.99947(  955)   0.00000(    0)  -0.99947(  955)   0.00000(    0)                            0.76324      5250
  -1.05413  -0.99999(  947)   0.00000(    0)  -0.99999(  947)   0.00000(    0)                            0.76377      5300
  -0.97157  -0.99972(  939)   0.00000(    0)  -0.99972(  939)   0.00000(    0)                            0.76421      5350
  -1.00382  -0.99976(  930)   0.00000(    0)  -0.99976(  930)   0.00000(    0)                            0.76361      5400
  -1.07382  -1.00044(  924)   0.00000(    0)  -1.00044(  924)   0.00000(    0)                            0.76321      5450
  -1.05625  -1.00095(  917)   0.00000(    0)  -1.00095(  917)   0.00000(    0)                            0.76427      5500
  -1.07460  -1.00161(  911)   0.00000(    0)  -1.00161(  911)   0.00000(    0)                            0.76477      5550
  -1.01641  -1.00174(  903)   0.00000(    0)  -1.00174(  903)   0.00000(    0)                            0.76491      5600
  -1.07348  -1.00238(  897)   0.00000(    0)  -1.00238(  897)   0.00000(    0)                            0.76434      5650
  -1.10727  -1.00330(  894)   0.00000(    0)  -1.00330(  894)   0.00000(    0)                            0.76386      5700
  -1.11466  -1.00426(  892)   0.00000(    0)  -1.00426(  892)   0.00000(    0)                            0.76391      5750
  -1.06358  -1.00478(  885)   0.00000(    0)  -1.00478(  885)   0.00000(    0)                            0.76379      5800
  -1.02875  -1.00498(  878)   0.00000(    0)  -1.00498(  878)   0.00000(    0)                            0.76350      5850
  -0.93763  -1.00441(  872)   0.00000(    0)  -1.00441(  872)   0.00000(    0)                            0.76339      5900
  -0.97938  -1.00420(  865)   0.00000(    0)  -1.00420(  865)   0.00000(    0)                            0.76387      5950
  -1.03477  -1.00445(  858)   0.00000(    0)  -1.00445(  858)   0.00000(    0)                            0.76408      6000
  -1.10280  -1.00527(  855)   0.00000(    0)  -1.00527(  855)   0.00000(    0)                            0.76430      6050
  -0.94221  -1.00475(  850)   0.00000(    0)  -1.00475(  850)   0.00000(    0)                            0.76434      6100
  -1.01974  -1.00487(  843)   0.00000(    0)  -1.00487(  843)   0.00000(    0)                            0.76398      6150
  -0.97660  -1.00464(  836)   0.00000(    0)  -1.00464(  836)   0.00000(    0)                            0.76403      6200
  -1.02184  -1.00478(  830)   0.00000(    0)  -1.00478(  830)   0.00000(    0)                            0.76336      6250
  -1.04176  -1.00508(  824)   0.00000(    0)  -1.00508(  824)   0.00000(    0)                            0.76333      6300
  -1.05576  -1.00547(  818)   0.00000(    0)  -1.00547(  818)   0.00000(    0)                            0.76370      6350
  -1.00293  -1.00545(  812)   0.00000(    0)  -1.00545(  812)   0.00000(    0)                            0.76352      6400
  -0.93489  -1.00491(  807)   0.00000(    0)  -1.00491(  807)   0.00000(    0)                            0.76364      6450
  -1.00901  -1.00494(  801)   0.00000(    0)  -1.00494(  801)   0.00000(    0)                            0.76431      6500
  -0.98025  -1.00475(  795)   0.00000(    0)  -1.00475(  795)   0.00000(    0)                            0.76458      6550
  -0.79316  -1.00315(  805)   0.00000(    0)  -1.00315(  805)   0.00000(    0)                            0.76462      6600
  -0.95540  -1.00279(  800)   0.00000(    0)  -1.00279(  800)   0.00000(    0)                            0.76451      6650
  -1.07778  -1.00335(  796)   0.00000(    0)  -1.00335(  796)   0.00000(    0)                            0.76478      6700
  -1.06869  -1.00383(  792)   0.00000(    0)  -1.00383(  792)   0.00000(    0)                            0.76504      6750
  -1.05381  -1.00420(  787)   0.00000(    0)  -1.00420(  787)   0.00000(    0)                            0.76463      6800
  -1.02182  -1.00433(  781)   0.00000(    0)  -1.00433(  781)   0.00000(    0)                            0.76474      6850
  -1.02376  -1.00447(  775)   0.00000(    0)  -1.00447(  775)   0.00000(    0)                            0.76486      6900
  -0.97116  -1.00423(  770)   0.00000(    0)  -1.00423(  770)   0.00000(    0)                            0.76468      6950
  -0.95310  -1.00386(  766)   0.00000(    0)  -1.00386(  766)   0.00000(    0)                            0.76479      7000
  -1.14181  -1.00484(  766)   0.00000(    0)  -1.00484(  766)   0.00000(    0)                            0.76468      7050
  -1.14988  -1.00586(  768)   0.00000(    0)  -1.00586(  768)   0.00000(    0)                            0.76338      7100
  -1.10216  -1.00654(  765)   0.00000(    0)  -1.00654(  765)   0.00000(    0)                            0.76280      7150
  -1.04821  -1.00683(  761)   0.00000(    0)  -1.00683(  761)   0.00000(    0)                            0.76299      7200
  -0.79029  -1.00533(  770)   0.00000(    0)  -1.00533(  770)   0.00000(    0)                            0.76303      7250
  -0.90506  -1.00465(  768)   0.00000(    0)  -1.00465(  768)   0.00000(    0)                            0.76308      7300
  -1.15133  -1.00564(  769)   0.00000(    0)  -1.00564(  769)   0.00000(    0)                            0.76293      7350
  -0.93524  -1.00517(  765)   0.00000(    0)  -1.00517(  765)   0.00000(    0)                            0.76291      7400
  -1.06148  -1.00555(  761)   0.00000(    0)  -1.00555(  761)   0.00000(    0)                            0.76275      7450
  -1.14881  -1.00650(  762)   0.00000(    0)  -1.00650(  762)   0.00000(    0)                            0.76273      7500
  -1.02400  -1.00662(  757)   0.00000(    0)  -1.00662(  757)   0.00000(    0)                            0.76245      7550
  -0.97655  -1.00642(  752)   0.00000(    0)  -1.00642(  752)   0.00000(    0)                            0.76217      7600
  -1.04221  -1.00665(  748)   0.00000(    0)  -1.00665(  748)   0.00000(    0)                            0.76216      7650
  -1.08836  -1.00718(  745)   0.00000(    0)  -1.00718(  745)   0.00000(    0)                            0.76240      7700
  -1.00588  -1.00718(  740)   0.00000(    0)  -1.00718(  740)   0.00000(    0)                            0.76252      7750
  -1.02887  -1.00732(  735)   0.00000(    0)  -1.00732(  735)   0.00000(    0)                            0.76237      7800
  -0.96659  -1.00706(  731)   0.00000(    0)  -1.00706(  731)   0.00000(    0)                            0.76255      7850
  -1.09585  -1.00762(  729)   0.00000(    0)  -1.00762(  729)   0.00000(    0)                            0.76291      7900
  -0.93493  -1.00716(  725)   0.00000(    0)  -1.00716(  725)   0.00000(    0)                            0.76264      7950
  -0.90370  -1.00651(  724)   0.00000(    0)  -1.00651(  724)   0.00000(    0)                            0.76231      8000
  -1.08535  -1.00700(  721)   0.00000(    0)  -1.00700(  721)   0.00000(    0)                            0.76230      8050
  -0.82482  -1.00588(  725)   0.00000(    0)  -1.00588(  725)   0.00000(    0)                            0.76253      8100
  -0.92638  -1.00539(  722)   0.00000(    0)  -1.00539(  722)   0.00000(    0)                            0.76221      8150
  -0.89117  -1.00470(  721)   0.00000(    0)  -1.00470(  721)   0.00000(    0)                            0.76238      8200
  -1.09626  -1.00525(  719)   0.00000(    0)  -1.00525(  719)   0.00000(    0)                            0.76230      8250
  -1.11952  -1.00594(  718)   0.00000(    0)  -1.00594(  718)   0.00000(    0)                            0.76199      8300
  -0.93037  -1.00549(  715)   0.00000(    0)  -1.00549(  715)   0.00000(    0)                            0.76186      8350
  -1.00854  -1.00550(  711)   0.00000(    0)  -1.00550(  711)   0.00000(    0)                            0.76226      8400
  -1.05062  -1.00577(  707)   0.00000(    0)  -1.00577(  707)   0.00000(    0)                            0.76231      8450
  -0.99935  -1.00573(  703)   0.00000(    0)  -1.00573(  703)   0.00000(    0)                            0.76224      8500
  -0.86880  -1.00493(  703)   0.00000(    0)  -1.00493(  703)   0.00000(    0)                            0.76251      8550
  -0.99235  -1.00486(  699)   0.00000(    0)  -1.00486(  699)   0.00000(    0)                            0.76238      8600
  -1.13485  -1.00561(  699)   0.00000(    0)  -1.00561(  699)   0.00000(    0)                            0.76168      8650
  -1.09613  -1.00613(  697)   0.00000(    0)  -1.00613(  697)   0.00000(    0)                            0.76138      8700
  -1.05400  -1.00640(  694)   0.00000(    0)  -1.00640(  694)   0.00000(    0)                            0.76120      8750
  -1.05787  -1.00670(  691)   0.00000(    0)  -1.00670(  691)   0.00000(    0)                            0.76102      8800
  -1.00170  -1.00667(  687)   0.00000(    0)  -1.00667(  687)   0.00000(    0)                            0.76130      8850
  -1.05634  -1.00695(  683)   0.00000(    0)  -1.00695(  683)   0.00000(    0)                            0.76118      8900
  -0.94840  -1.00662(  680)   0.00000(    0)  -1.00662(  680)   0.00000(    0)                            0.76151      8950
  -1.07176  -1.00698(  678)   0.00000(    0)  -1.00698(  678)   0.00000(    0)                            0.76133      9000
  -1.14021  -1.00772(  678)   0.00000(    0)  -1.00772(  678)   0.00000(    0)                            0.76122      9050
  -1.11837  -1.00833(  677)   0.00000(    0)  -1.00833(  677)   0.00000(    0)                            0.76132      9100
  -0.96657  -1.00810(  673)   0.00000(    0)  -1.00810(  673)   0.00000(    0)                            0.76164      9150
  -0.97795  -1.00793(  670)   0.00000(    0)  -1.00793(  670)   0.00000(    0)                            0.76163      9200
  -0.93726  -1.00755(  667)   0.00000(    0)  -1.00755(  667)   0.00000(    0)                            0.76216      9250
  -0.92837  -1.00713(  665)   0.00000(    0)  -1.00713(  665)   0.00000(    0)                            0.76220      9300
  -1.13825  -1.00783(  665)   0.00000(    0)  -1.00783(  665)   0.00000(    0)                            0.76219      9350
  -1.05792  -1.00809(  662)   0.00000(    0)  -1.00809(  662)   0.00000(    0)                            0.76213      9400
  -1.00517  -1.00808(  659)   0.00000(    0)  -1.00808(  659)   0.00000(    0)                            0.76243      9450
  -0.93725  -1.00771(  656)   0.00000(    0)  -1.00771(  656)   0.00000(    0)                            0.76247      9500
  -1.07457  -1.00806(  654)   0.00000(    0)  -1.00806(  654)   0.00000(    0)                            0.76215      9550
  -1.03066  -1.00817(  651)   0.00000(    0)  -1.00817(  651)   0.00000(    0)                            0.76208      9600
  -0.95026  -1.00787(  648)   0.00000(    0)  -1.00787(  648)   0.00000(    0)                            0.76228      9650
  -1.09156  -1.00831(  646)   0.00000(    0)  -1.00831(  646)   0.00000(    0)                            0.76196      9700
  -1.00926  -1.00831(  643)   0.00000(    0)  -1.00831(  643)   0.00000(    0)                            0.76205      9750
  -0.94486  -1.00799(  640)   0.00000(    0)  -1.00799(  640)   0.00000(    0)                            0.76148      9800
  -0.97829  -1.00784(  637)   0.00000(    0)  -1.00784(  637)   0.00000(    0)                            0.76137      9850
  -1.01024  -1.00785(  634)   0.00000(    0)  -1.00785(  634)   0.00000(    0)                            0.76167      9900
  -1.07617  -1.00819(  632)   0.00000(    0)  -1.00819(  632)   0.00000(    0)                            0.76141      9950
  -1.04313  -1.00837(  629)   0.00000(    0)  -1.00837(  629)   0.00000(    0)                            0.76125     10000
END       OF all    CP, REAL TIME IS       0.85      0.85     0     0
vmc_mov1      H2                  
results after       10000. passes,  nstep, nblk =    50   200
physical variable  average       rms error    rms er*rt(pass)   sigma  Tcor
total E =         -1.0083658 +-  0.0062879  0.62879  0.34919  0.34919    3.24
potential E =      0.0000000 +-  0.0000000  0.00000
jf kinetic E =     0.0000000 +-  0.0000000  0.00000
pb kinetic E =    -1.0083658 +-  0.0062879  0.62879
acceptance =       0.7612500
average psid, det_ref  0.15895D-01 0.15895D-01
log detref -0.10003D+01-0.99947D+00
distance from the nodes    0.00000
 successful dump to unit 10
